Archive member included to satisfy reference by file (symbol)

/usr/bin/gcc-arm-none-eabi-10-2020-q4-major/bin/../lib/gcc/arm-none-eabi/10.2.1/../../../../arm-none-eabi/lib/thumb/v6-m/nofp/libc_nano.a(lib_a-sf_copysign.o)
                              build-seeeduino_xiao/py/objfloat.o (symbol from plugin) (copysignf)
/usr/bin/gcc-arm-none-eabi-10-2020-q4-major/bin/../lib/gcc/arm-none-eabi/10.2.1/thumb/v6-m/nofp/libgcc.a(_thumb1_case_sqi.o)
                              firmware.elf.lto.o (__gnu_thumb1_case_sqi)
/usr/bin/gcc-arm-none-eabi-10-2020-q4-major/bin/../lib/gcc/arm-none-eabi/10.2.1/thumb/v6-m/nofp/libgcc.a(_thumb1_case_uqi.o)
                              firmware.elf.lto.o (__gnu_thumb1_case_uqi)
/usr/bin/gcc-arm-none-eabi-10-2020-q4-major/bin/../lib/gcc/arm-none-eabi/10.2.1/thumb/v6-m/nofp/libgcc.a(_thumb1_case_shi.o)
                              firmware.elf.lto.o (__gnu_thumb1_case_shi)
/usr/bin/gcc-arm-none-eabi-10-2020-q4-major/bin/../lib/gcc/arm-none-eabi/10.2.1/thumb/v6-m/nofp/libgcc.a(_thumb1_case_uhi.o)
                              firmware.elf.lto.o (__gnu_thumb1_case_uhi)
/usr/bin/gcc-arm-none-eabi-10-2020-q4-major/bin/../lib/gcc/arm-none-eabi/10.2.1/thumb/v6-m/nofp/libgcc.a(_udivsi3.o)
                              firmware.elf.lto.o (__aeabi_uidiv)
/usr/bin/gcc-arm-none-eabi-10-2020-q4-major/bin/../lib/gcc/arm-none-eabi/10.2.1/thumb/v6-m/nofp/libgcc.a(_divsi3.o)
                              firmware.elf.lto.o (__aeabi_idiv)
/usr/bin/gcc-arm-none-eabi-10-2020-q4-major/bin/../lib/gcc/arm-none-eabi/10.2.1/thumb/v6-m/nofp/libgcc.a(_dvmd_tls.o)
                              /usr/bin/gcc-arm-none-eabi-10-2020-q4-major/bin/../lib/gcc/arm-none-eabi/10.2.1/thumb/v6-m/nofp/libgcc.a(_udivsi3.o) (__aeabi_idiv0)
/usr/bin/gcc-arm-none-eabi-10-2020-q4-major/bin/../lib/gcc/arm-none-eabi/10.2.1/thumb/v6-m/nofp/libgcc.a(_arm_cmpsf2.o)
                              firmware.elf.lto.o (__aeabi_fcmpeq)
/usr/bin/gcc-arm-none-eabi-10-2020-q4-major/bin/../lib/gcc/arm-none-eabi/10.2.1/thumb/v6-m/nofp/libgcc.a(_aeabi_ldivmod.o)
                              firmware.elf.lto.o (__aeabi_ldivmod)
/usr/bin/gcc-arm-none-eabi-10-2020-q4-major/bin/../lib/gcc/arm-none-eabi/10.2.1/thumb/v6-m/nofp/libgcc.a(_aeabi_uldivmod.o)
                              firmware.elf.lto.o (__aeabi_uldivmod)
/usr/bin/gcc-arm-none-eabi-10-2020-q4-major/bin/../lib/gcc/arm-none-eabi/10.2.1/thumb/v6-m/nofp/libgcc.a(_muldi3.o)
                              firmware.elf.lto.o (__aeabi_lmul)
/usr/bin/gcc-arm-none-eabi-10-2020-q4-major/bin/../lib/gcc/arm-none-eabi/10.2.1/thumb/v6-m/nofp/libgcc.a(_fixunssfsi.o)
                              firmware.elf.lto.o (__aeabi_f2uiz)
/usr/bin/gcc-arm-none-eabi-10-2020-q4-major/bin/../lib/gcc/arm-none-eabi/10.2.1/thumb/v6-m/nofp/libgcc.a(_udivmoddi4.o)
                              /usr/bin/gcc-arm-none-eabi-10-2020-q4-major/bin/../lib/gcc/arm-none-eabi/10.2.1/thumb/v6-m/nofp/libgcc.a(_aeabi_uldivmod.o) (__udivmoddi4)
/usr/bin/gcc-arm-none-eabi-10-2020-q4-major/bin/../lib/gcc/arm-none-eabi/10.2.1/thumb/v6-m/nofp/libgcc.a(bpabi.o)
                              /usr/bin/gcc-arm-none-eabi-10-2020-q4-major/bin/../lib/gcc/arm-none-eabi/10.2.1/thumb/v6-m/nofp/libgcc.a(_aeabi_ldivmod.o) (__gnu_ldivmod_helper)
/usr/bin/gcc-arm-none-eabi-10-2020-q4-major/bin/../lib/gcc/arm-none-eabi/10.2.1/thumb/v6-m/nofp/libgcc.a(addsf3.o)
                              firmware.elf.lto.o (__aeabi_fadd)
/usr/bin/gcc-arm-none-eabi-10-2020-q4-major/bin/../lib/gcc/arm-none-eabi/10.2.1/thumb/v6-m/nofp/libgcc.a(divsf3.o)
                              firmware.elf.lto.o (__aeabi_fdiv)
/usr/bin/gcc-arm-none-eabi-10-2020-q4-major/bin/../lib/gcc/arm-none-eabi/10.2.1/thumb/v6-m/nofp/libgcc.a(eqsf2.o)
                              /usr/bin/gcc-arm-none-eabi-10-2020-q4-major/bin/../lib/gcc/arm-none-eabi/10.2.1/thumb/v6-m/nofp/libgcc.a(_arm_cmpsf2.o) (__eqsf2)
/usr/bin/gcc-arm-none-eabi-10-2020-q4-major/bin/../lib/gcc/arm-none-eabi/10.2.1/thumb/v6-m/nofp/libgcc.a(gesf2.o)
                              /usr/bin/gcc-arm-none-eabi-10-2020-q4-major/bin/../lib/gcc/arm-none-eabi/10.2.1/thumb/v6-m/nofp/libgcc.a(_arm_cmpsf2.o) (__gesf2)
/usr/bin/gcc-arm-none-eabi-10-2020-q4-major/bin/../lib/gcc/arm-none-eabi/10.2.1/thumb/v6-m/nofp/libgcc.a(lesf2.o)
                              /usr/bin/gcc-arm-none-eabi-10-2020-q4-major/bin/../lib/gcc/arm-none-eabi/10.2.1/thumb/v6-m/nofp/libgcc.a(_arm_cmpsf2.o) (__lesf2)
/usr/bin/gcc-arm-none-eabi-10-2020-q4-major/bin/../lib/gcc/arm-none-eabi/10.2.1/thumb/v6-m/nofp/libgcc.a(mulsf3.o)
                              firmware.elf.lto.o (__aeabi_fmul)
/usr/bin/gcc-arm-none-eabi-10-2020-q4-major/bin/../lib/gcc/arm-none-eabi/10.2.1/thumb/v6-m/nofp/libgcc.a(subsf3.o)
                              firmware.elf.lto.o (__aeabi_fsub)
/usr/bin/gcc-arm-none-eabi-10-2020-q4-major/bin/../lib/gcc/arm-none-eabi/10.2.1/thumb/v6-m/nofp/libgcc.a(unordsf2.o)
                              firmware.elf.lto.o (__aeabi_fcmpun)
[...]
Memory Configuration

Name             Origin             Length             Attributes
FLASH_BOOTLOADER 0x0000000000000000 0x0000000000002000 xr
FLASH_FIRMWARE   0x0000000000002000 0x000000000002df00 xr
FLASH_FILESYSTEM 0x000000000002ff00 0x0000000000010000 r
FLASH_CONFIG     0x000000000003ff00 0x0000000000000000 r
FLASH_NVM        0x000000000003ff00 0x0000000000000100 r
RAM              0x0000000020000000 0x0000000000008000 xrw
*default*        0x0000000000000000 0xffffffffffffffff

Linker script and memory map

                0x0000000020007ff8                _estack = ((ORIGIN (RAM) + LENGTH (RAM)) - 0x8)
                0x0000000020007ffc                _bootloader_dbl_tap = ((ORIGIN (RAM) + LENGTH (RAM)) - 0x4)

.text           0x0000000000002000    0x2d074
                0x0000000000002000                . = ALIGN (0x4)
                0x0000000000002000                _sfixed = .
 *(.vectors)
 .vectors       0x0000000000002000       0xb4 firmware.elf.lto.o
                0x0000000000002000                exception_table
 *(.text)
 .text          0x00000000000020b4       0x28 build-seeeduino_xiao/supervisor/samd21_cpu.o
                0x00000000000020b4                cpu_get_regs_and_sp
 .text          0x00000000000020dc       0x14 /usr/bin/gcc-arm-none-eabi-10-2020-q4-major/bin/../lib/gcc/arm-none-eabi/10.2.1/thumb/v6-m/nofp/libgcc.a(_thumb1_case_sqi.o)
                0x00000000000020dc                __gnu_thumb1_case_sqi
 .text          0x00000000000020f0       0x14 /usr/bin/gcc-arm-none-eabi-10-2020-q4-major/bin/../lib/gcc/arm-none-eabi/10.2.1/thumb/v6-m/nofp/libgcc.a(_thumb1_case_uqi.o)
                0x00000000000020f0                __gnu_thumb1_case_uqi
 .text          0x0000000000002104       0x14 /usr/bin/gcc-arm-none-eabi-10-2020-q4-major/bin/../lib/gcc/arm-none-eabi/10.2.1/thumb/v6-m/nofp/libgcc.a(_thumb1_case_shi.o)
                0x0000000000002104                __gnu_thumb1_case_shi
 .text          0x0000000000002118       0x14 /usr/bin/gcc-arm-none-eabi-10-2020-q4-major/bin/../lib/gcc/arm-none-eabi/10.2.1/thumb/v6-m/nofp/libgcc.a(_thumb1_case_uhi.o)
                0x0000000000002118                __gnu_thumb1_case_uhi
 .text          0x000000000000212c      0x114 /usr/bin/gcc-arm-none-eabi-10-2020-q4-major/bin/../lib/gcc/arm-none-eabi/10.2.1/thumb/v6-m/nofp/libgcc.a(_udivsi3.o)
                0x000000000000212c                __udivsi3
                0x000000000000212c                __aeabi_uidiv
                0x0000000000002238                __aeabi_uidivmod
 .text          0x0000000000002240      0x1d4 /usr/bin/gcc-arm-none-eabi-10-2020-q4-major/bin/../lib/gcc/arm-none-eabi/10.2.1/thumb/v6-m/nofp/libgcc.a(_divsi3.o)
                0x0000000000002240                __aeabi_idiv
                0x0000000000002240                __divsi3
                0x000000000000240c                __aeabi_idivmod
 .text          0x0000000000002414        0x4 /usr/bin/gcc-arm-none-eabi-10-2020-q4-major/bin/../lib/gcc/arm-none-eabi/10.2.1/thumb/v6-m/nofp/libgcc.a(_dvmd_tls.o)
                0x0000000000002414                __aeabi_ldiv0
                0x0000000000002414                __aeabi_idiv0
 .text          0x0000000000002418       0x74 /usr/bin/gcc-arm-none-eabi-10-2020-q4-major/bin/../lib/gcc/arm-none-eabi/10.2.1/thumb/v6-m/nofp/libgcc.a(_arm_cmpsf2.o)
                0x0000000000002418                __aeabi_cfrcmple
                0x0000000000002420                __aeabi_cfcmple
                0x0000000000002420                __aeabi_cfcmpeq
                0x0000000000002430                __aeabi_fcmpeq
                0x000000000000243c                __aeabi_fcmplt
                0x0000000000002450                __aeabi_fcmple
                0x0000000000002464                __aeabi_fcmpgt
                0x0000000000002478                __aeabi_fcmpge
 .text          0x000000000000248c       0x40 /usr/bin/gcc-arm-none-eabi-10-2020-q4-major/bin/../lib/gcc/arm-none-eabi/10.2.1/thumb/v6-m/nofp/libgcc.a(_aeabi_uldivmod.o)
                0x000000000000248c                __aeabi_uldivmod
 .text          0x00000000000024cc       0x5c /usr/bin/gcc-arm-none-eabi-10-2020-q4-major/bin/../lib/gcc/arm-none-eabi/10.2.1/thumb/v6-m/nofp/libgcc.a(_muldi3.o)
                0x00000000000024cc                __aeabi_lmul
                0x00000000000024cc                __muldi3
 .text          0x0000000000002528       0x30 /usr/bin/gcc-arm-none-eabi-10-2020-q4-major/bin/../lib/gcc/arm-none-eabi/10.2.1/thumb/v6-m/nofp/libgcc.a(_fixunssfsi.o)
                0x0000000000002528                __aeabi_f2uiz
                0x0000000000002528                __fixunssfsi
 .text          0x0000000000002558      0x198 /usr/bin/gcc-arm-none-eabi-10-2020-q4-major/bin/../lib/gcc/arm-none-eabi/10.2.1/thumb/v6-m/nofp/libgcc.a(_udivmoddi4.o)
                0x0000000000002558                __udivmoddi4
 .text          0x00000000000026f0      0x33c /usr/bin/gcc-arm-none-eabi-10-2020-q4-major/bin/../lib/gcc/arm-none-eabi/10.2.1/thumb/v6-m/nofp/libgcc.a(addsf3.o)
                0x00000000000026f0                __aeabi_fadd
 .text          0x0000000000002a2c      0x230 /usr/bin/gcc-arm-none-eabi-10-2020-q4-major/bin/../lib/gcc/arm-none-eabi/10.2.1/thumb/v6-m/nofp/libgcc.a(divsf3.o)
                0x0000000000002a2c                __aeabi_fdiv
 .text          0x0000000000002c5c       0x4c /usr/bin/gcc-arm-none-eabi-10-2020-q4-major/bin/../lib/gcc/arm-none-eabi/10.2.1/thumb/v6-m/nofp/libgcc.a(eqsf2.o)
                0x0000000000002c5c                __nesf2
                0x0000000000002c5c                __eqsf2
 .text          0x0000000000002ca8       0x8c /usr/bin/gcc-arm-none-eabi-10-2020-q4-major/bin/../lib/gcc/arm-none-eabi/10.2.1/thumb/v6-m/nofp/libgcc.a(gesf2.o)
                0x0000000000002ca8                __gtsf2
                0x0000000000002ca8                __gesf2
 .text          0x0000000000002d34       0x88 /usr/bin/gcc-arm-none-eabi-10-2020-q4-major/bin/../lib/gcc/arm-none-eabi/10.2.1/thumb/v6-m/nofp/libgcc.a(lesf2.o)
                0x0000000000002d34                __lesf2
                0x0000000000002d34                __ltsf2
 .text          0x0000000000002dbc      0x24c /usr/bin/gcc-arm-none-eabi-10-2020-q4-major/bin/../lib/gcc/arm-none-eabi/10.2.1/thumb/v6-m/nofp/libgcc.a(mulsf3.o)
                0x0000000000002dbc                __aeabi_fmul
 .text          0x0000000000003008      0x35c /usr/bin/gcc-arm-none-eabi-10-2020-q4-major/bin/../lib/gcc/arm-none-eabi/10.2.1/thumb/v6-m/nofp/libgcc.a(subsf3.o)
                0x0000000000003008                __aeabi_fsub
 .text          0x0000000000003364       0x2c /usr/bin/gcc-arm-none-eabi-10-2020-q4-major/bin/../lib/gcc/arm-none-eabi/10.2.1/thumb/v6-m/nofp/libgcc.a(unordsf2.o)
                0x0000000000003364                __aeabi_fcmpun
 .text          0x0000000000003390       0x40 /usr/bin/gcc-arm-none-eabi-10-2020-q4-major/bin/../lib/gcc/arm-none-eabi/10.2.1/thumb/v6-m/nofp/libgcc.a(fixsfsi.o)
                0x0000000000003390                __aeabi_f2iz
 .text          0x00000000000033d0       0x9c /usr/bin/gcc-arm-none-eabi-10-2020-q4-major/bin/../lib/gcc/arm-none-eabi/10.2.1/thumb/v6-m/nofp/libgcc.a(floatsisf.o)
                0x00000000000033d0                __aeabi_i2f
 .text          0x000000000000346c       0x84 /usr/bin/gcc-arm-none-eabi-10-2020-q4-major/bin/../lib/gcc/arm-none-eabi/10.2.1/thumb/v6-m/nofp/libgcc.a(floatunsisf.o)
                0x000000000000346c                __aeabi_ui2f
 .text          0x00000000000034f0       0x90 /usr/bin/gcc-arm-none-eabi-10-2020-q4-major/bin/../lib/gcc/arm-none-eabi/10.2.1/thumb/v6-m/nofp/libgcc.a(extendsfdf2.o)
                0x00000000000034f0                __aeabi_f2d
 .text          0x0000000000003580      0x110 /usr/bin/gcc-arm-none-eabi-10-2020-q4-major/bin/../lib/gcc/arm-none-eabi/10.2.1/thumb/v6-m/nofp/libgcc.a(truncdfsf2.o)
                0x0000000000003580                __aeabi_d2f
 .text          0x0000000000003690       0x3c /usr/bin/gcc-arm-none-eabi-10-2020-q4-major/bin/../lib/gcc/arm-none-eabi/10.2.1/thumb/v6-m/nofp/libgcc.a(_clzsi2.o)
                0x0000000000003690                __clzsi2
 .text          0x00000000000036cc       0x18 /usr/bin/gcc-arm-none-eabi-10-2020-q4-major/bin/../lib/gcc/arm-none-eabi/10.2.1/thumb/v6-m/nofp/libgcc.a(_clzdi2.o)
                0x00000000000036cc                __clzdi2
 *(.text*)
 .text.nlr_pop  0x00000000000036e4       0x10 firmware.elf.lto.o
 .text.nlr_push
                0x00000000000036f4       0x28 firmware.elf.lto.o
 .text.gc_mark_subtree
                0x000000000000371c       0xc4 firmware.elf.lto.o
 .text.gc_mark  0x00000000000037e0       0x50 firmware.elf.lto.o
 .text.gc_collect_root
                0x0000000000003830       0x16 firmware.elf.lto.o
 *fill*         0x0000000000003846        0x2 
 .text.gc_info  0x0000000000003848       0xd8 firmware.elf.lto.o
 .text.gc_nbytes
                0x0000000000003920       0x64 firmware.elf.lto.o
 .text.find_qstr
                0x0000000000003984       0x1c firmware.elf.lto.o
 .text.qstr_compute_hash
                0x00000000000039a0       0x24 firmware.elf.lto.o
 .text.qstr_hash
                0x00000000000039c4        0xa firmware.elf.lto.o
 .text.qstr_str
                0x00000000000039ce        0xa firmware.elf.lto.o
 .text.qstr_data
                0x00000000000039d8       0x10 firmware.elf.lto.o
 .text.qstr_find_strn
                0x00000000000039e8       0x6c firmware.elf.lto.o
 .text.vstr_cut_tail_bytes
                0x0000000000003a54        0xe firmware.elf.lto.o
 .text.vstr_cut_out_bytes
                0x0000000000003a62       0x2c firmware.elf.lto.o
 .text.mp_print_str
                0x0000000000003a8e       0x1e firmware.elf.lto.o
 .text.mp_print_strn
                0x0000000000003aac       0xc0 firmware.elf.lto.o
 .text.mp_print_int
                0x0000000000003b6c       0xd8 firmware.elf.lto.o
 .text.utf8_get_char
                0x0000000000003c44       0x38 firmware.elf.lto.o
 .text.utf8_charlen
                0x0000000000003c7c       0x20 firmware.elf.lto.o
 .text.unichar_isspace
                0x0000000000003c9c       0x18 firmware.elf.lto.o
 .text.unichar_isalpha
                0x0000000000003cb4       0x18 firmware.elf.lto.o
 .text.unichar_isdigit
                0x0000000000003ccc       0x18 firmware.elf.lto.o
 .text.unichar_isupper
                0x0000000000003ce4       0x18 firmware.elf.lto.o
 .text.unichar_islower
                0x0000000000003cfc       0x18 firmware.elf.lto.o
 .text.unichar_tolower
                0x0000000000003d14       0x12 firmware.elf.lto.o
 .text.unichar_toupper
                0x0000000000003d26       0x12 firmware.elf.lto.o
 .text.utf8_check
                0x0000000000003d38       0x4e firmware.elf.lto.o
 .text.mp_reader_mem_readbyte
                0x0000000000003d86       0x16 firmware.elf.lto.o
 .text.next_char
                0x0000000000003d9c       0x60 firmware.elf.lto.o
 .text.pop_result
                0x0000000000003dfc        0xe firmware.elf.lto.o
 .text.peek_result
                0x0000000000003e0a        0xe firmware.elf.lto.o
 .text.mp_parse_node_is_const_false
                0x0000000000003e18       0x18 firmware.elf.lto.o
 .text.mp_parse_node_is_const_true
                0x0000000000003e30       0x18 firmware.elf.lto.o
 .text.mp_parse_node_get_int_maybe
                0x0000000000003e48       0x54 firmware.elf.lto.o
 .text.mp_parse_node_extract_list
                0x0000000000003e9c       0x2c firmware.elf.lto.o
 .text.scope_find
                0x0000000000003ec8       0x20 firmware.elf.lto.o
 .text.compile_increase_except_level
                0x0000000000003ee8       0x14 firmware.elf.lto.o
 .text.apply_to_single_or_list
                0x0000000000003efc       0x42 firmware.elf.lto.o
 *fill*         0x0000000000003f3e        0x2 
 .text.compile_del_stmt
                0x0000000000003f40       0x14 firmware.elf.lto.o
 .text.compile_import_name
                0x0000000000003f54       0x14 firmware.elf.lto.o
 .text.compile_error_set_line
                0x0000000000003f68       0x14 firmware.elf.lto.o
 .text.mp_emit_common_id_op
                0x0000000000003f7c       0x3c firmware.elf.lto.o
 .text.emit_write_uint
                0x0000000000003fb8       0x40 firmware.elf.lto.o
 .text.emit_get_cur_to_write_code_info
                0x0000000000003ff8       0x18 firmware.elf.lto.o
 .text.emit_write_code_info_byte
                0x0000000000004010        0xe firmware.elf.lto.o
 .text.emit_get_cur_to_write_bytecode
                0x000000000000401e       0x1c firmware.elf.lto.o
 .text.emit_write_bytecode_byte
                0x000000000000403a        0xe firmware.elf.lto.o
 .text.emit_write_bytecode_byte_uint
                0x0000000000004048       0x1c firmware.elf.lto.o
 .text.emit_write_bytecode_byte_const
                0x0000000000004064       0x14 firmware.elf.lto.o
 .text.emit_write_bytecode_byte_raw_code
                0x0000000000004078       0x1e firmware.elf.lto.o
 .text.mp_emit_bc_delete_local
                0x0000000000004096        0xc firmware.elf.lto.o
 .text.emit_write_bytecode_byte_qstr
                0x00000000000040a2       0x16 firmware.elf.lto.o
 .text.emit_write_bytecode_byte_unsigned_label
                0x00000000000040b8       0x2a firmware.elf.lto.o
 *fill*         0x00000000000040e2        0x2 
 .text.emit_write_bytecode_byte_signed_label
                0x00000000000040e4       0x30 firmware.elf.lto.o
 .text.mp_emit_bc_adjust_stack_size
                0x0000000000004114       0x1c firmware.elf.lto.o
 .text.mp_emit_bc_load_local
                0x0000000000004130       0x32 firmware.elf.lto.o
 .text.mp_emit_bc_load_global
                0x0000000000004162       0x1c firmware.elf.lto.o
 .text.mp_emit_bc_store_local
                0x000000000000417e       0x34 firmware.elf.lto.o
 .text.mp_emit_bc_store_global
                0x00000000000041b2       0x20 firmware.elf.lto.o
 .text.mp_emit_bc_delete_global
                0x00000000000041d2       0x1c firmware.elf.lto.o
 .text.emit_bc_call_function_method_helper
                0x00000000000041ee       0x3a firmware.elf.lto.o
 .text.mp_emit_bc_attr.part.0
                0x0000000000004228       0x18 firmware.elf.lto.o
 .text.mp_emit_bc_subscr.part.0
                0x0000000000004240       0x16 firmware.elf.lto.o
 .text.mp_emit_bc_label_assign
                0x0000000000004256       0x20 firmware.elf.lto.o
 .text.mp_emit_bc_load_const_str
                0x0000000000004276       0x18 firmware.elf.lto.o
 .text.mp_emit_bc_load_null
                0x000000000000428e       0x14 firmware.elf.lto.o
 .text.mp_emit_bc_dup_top
                0x00000000000042a2       0x14 firmware.elf.lto.o
 .text.mp_emit_bc_dup_top_two
                0x00000000000042b6       0x14 firmware.elf.lto.o
 .text.mp_emit_bc_pop_top
                0x00000000000042ca       0x16 firmware.elf.lto.o
 .text.mp_emit_bc_rot_two
                0x00000000000042e0       0x14 firmware.elf.lto.o
 .text.mp_emit_bc_rot_three
                0x00000000000042f4       0x14 firmware.elf.lto.o
 .text.mp_emit_bc_jump
                0x0000000000004308       0x18 firmware.elf.lto.o
 .text.mp_emit_bc_end_finally
                0x0000000000004320       0x16 firmware.elf.lto.o
 .text.mp_emit_bc_get_iter
                0x0000000000004336       0x26 firmware.elf.lto.o
 .text.mp_emit_bc_pop_block
                0x000000000000435c       0x14 firmware.elf.lto.o
 .text.mp_emit_bc_binary_op
                0x0000000000004370       0x44 firmware.elf.lto.o
 .text.mp_emit_bc_build
                0x00000000000043b4       0x28 firmware.elf.lto.o
 .text.mp_emit_bc_store_map
                0x00000000000043dc       0x16 firmware.elf.lto.o
 .text.close_over_variables_etc
                0x00000000000043f2       0xe6 firmware.elf.lto.o
 .text.compile_funcdef_lambdef
                0x00000000000044d8       0x54 firmware.elf.lto.o
 .text.mp_emit_bc_call_function
                0x000000000000452c       0x12 firmware.elf.lto.o
 .text.mp_emit_bc_return_value
                0x000000000000453e       0x1a firmware.elf.lto.o
 .text.mp_emit_bc_yield
                0x0000000000004558       0x22 firmware.elf.lto.o
 *fill*         0x000000000000457a        0x2 
 .text.mp_format_float.part.0
                0x000000000000457c      0x4d4 firmware.elf.lto.o
 .text.mp_obj_is_float.lto_priv.0
                0x0000000000004a50       0x20 firmware.elf.lto.o
 .text.get_hash_alloc_greater_or_equal_to
                0x0000000000004a70       0x24 firmware.elf.lto.o
 .text.mp_identity
                0x0000000000004a94        0x2 firmware.elf.lto.o
 *fill*         0x0000000000004a96        0x2 
 .text.mp_obj_get_type
                0x0000000000004a98       0x34 firmware.elf.lto.o
 .text.mp_obj_get_float_maybe
                0x0000000000004acc       0x48 firmware.elf.lto.o
 .text.mp_identity_getiter
                0x0000000000004b14        0x2 firmware.elf.lto.o
 .text.mp_get_buffer
                0x0000000000004b16       0x22 firmware.elf.lto.o
 .text.mp_generic_unary_op
                0x0000000000004b38       0x10 firmware.elf.lto.o
 .text.array_unary_op
                0x0000000000004b48       0x2c firmware.elf.lto.o
 .text.array_iterator_new
                0x0000000000004b74       0x28 firmware.elf.lto.o
 .text.mp_obj_attrtuple_attr
                0x0000000000004b9c       0x2a firmware.elf.lto.o
 *fill*         0x0000000000004bc6        0x2 
 .text.bool_print
                0x0000000000004bc8       0x1c firmware.elf.lto.o
 .text.dict_view_getiter
                0x0000000000004be4       0x1c firmware.elf.lto.o
 .text.dict_getiter
                0x0000000000004c00       0x18 firmware.elf.lto.o
 .text.dict_unary_op
                0x0000000000004c18       0x30 firmware.elf.lto.o
 .text.mp_obj_exception_get_value
                0x0000000000004c48       0x14 firmware.elf.lto.o
 .text.mp_obj_exception_attr
                0x0000000000004c5c       0x48 firmware.elf.lto.o
 .text.mp_obj_new_exception_args
                0x0000000000004ca4        0xa firmware.elf.lto.o
 .text.mp_obj_new_exception
                0x0000000000004cae        0xc firmware.elf.lto.o
 *fill*         0x0000000000004cba        0x2 
 .text.mp_obj_exception_get_traceback
                0x0000000000004cbc       0x30 firmware.elf.lto.o
 .text.float_unary_op
                0x0000000000004cec       0x7c firmware.elf.lto.o
 .text.float_print
                0x0000000000004d68       0x60 firmware.elf.lto.o
 .text.mp_obj_int_unary_op
                0x0000000000004dc8        0x4 firmware.elf.lto.o
 .text.list_getiter
                0x0000000000004dcc       0x1c firmware.elf.lto.o
 .text.list_it_iternext
                0x0000000000004de8       0x1c firmware.elf.lto.o
 .text.polymorph_it_iternext
                0x0000000000004e04        0x8 firmware.elf.lto.o
 .text.none_print
                0x0000000000004e0c       0x10 firmware.elf.lto.o
 .text.range_it_iternext
                0x0000000000004e1c       0x32 firmware.elf.lto.o
 *fill*         0x0000000000004e4e        0x2 
 .text.range_unary_op
                0x0000000000004e50       0x48 firmware.elf.lto.o
 .text.range_getiter
                0x0000000000004e98       0x1c firmware.elf.lto.o
 .text.set_getiter
                0x0000000000004eb4       0x1c firmware.elf.lto.o
 .text.set_unary_op
                0x0000000000004ed0       0x2c firmware.elf.lto.o
 .text.arg_looks_integer
                0x0000000000004efc       0x40 firmware.elf.lto.o
 .text.arg_looks_numeric
                0x0000000000004f3c       0x1c firmware.elf.lto.o
 .text.mp_obj_new_bytes_iterator
                0x0000000000004f58       0x1c firmware.elf.lto.o
 .text.isalignment
                0x0000000000004f74       0x1c firmware.elf.lto.o
 .text.str_to_int
                0x0000000000004f90       0x30 firmware.elf.lto.o
 .text.find_subbytes
                0x0000000000004fc0       0x3e firmware.elf.lto.o
 *fill*         0x0000000000004ffe        0x2 
 .text.mp_obj_str_get_data_no_check
                0x0000000000005000       0x20 firmware.elf.lto.o
 .text.bytes_it_iternext
                0x0000000000005020       0x26 firmware.elf.lto.o
 *fill*         0x0000000000005046        0x2 
 .text.str_uni_istype
                0x0000000000005048       0x78 firmware.elf.lto.o
 .text.str_isspace
                0x00000000000050c0       0x10 firmware.elf.lto.o
 .text.str_isalpha
                0x00000000000050d0       0x10 firmware.elf.lto.o
 .text.str_isdigit
                0x00000000000050e0       0x10 firmware.elf.lto.o
 .text.str_isupper
                0x00000000000050f0       0x10 firmware.elf.lto.o
 .text.str_islower
                0x0000000000005100       0x10 firmware.elf.lto.o
 .text.mp_obj_str_get_buffer
                0x0000000000005110       0x2a firmware.elf.lto.o
 *fill*         0x000000000000513a        0x2 
 .text.mp_obj_equal
                0x000000000000513c       0xfc firmware.elf.lto.o
 .text.mp_obj_new_str_iterator
                0x0000000000005238       0x1c firmware.elf.lto.o
 .text.uni_unary_op
                0x0000000000005254       0x3c firmware.elf.lto.o
 .text.tuple_it_iternext
                0x0000000000005290       0x1c firmware.elf.lto.o
 .text.mp_obj_tuple_getiter
                0x00000000000052ac       0x1c firmware.elf.lto.o
 .text.instance_count_native_bases
                0x00000000000052c8       0x58 firmware.elf.lto.o
 .text.native_base_init_wrapper
                0x0000000000005320       0x2c firmware.elf.lto.o
 .text.mp_obj_is_subclass_fast
                0x000000000000534c       0x64 firmware.elf.lto.o
 .text.mp_obj_is_exception_type
                0x00000000000053b0       0x30 firmware.elf.lto.o
 .text.mp_obj_is_exception_instance
                0x00000000000053e0        0xc firmware.elf.lto.o
 .text.mp_obj_exception_match
                0x00000000000053ec       0x20 firmware.elf.lto.o
 .text.mp_instance_cast_to_native_base
                0x000000000000540c       0x24 firmware.elf.lto.o
 .text.list_unary_op
                0x0000000000005430       0x3c firmware.elf.lto.o
 .text.list_reverse
                0x000000000000546c       0x3c firmware.elf.lto.o
 .text.op_getitem
                0x00000000000054a8       0x16 firmware.elf.lto.o
 .text.op_setitem
                0x00000000000054be       0x18 firmware.elf.lto.o
 .text.op_delitem
                0x00000000000054d6       0x16 firmware.elf.lto.o
 .text.op_contains
                0x00000000000054ec       0x16 firmware.elf.lto.o
 .text.mp_seq_cmp_bytes
                0x0000000000005502       0x6c firmware.elf.lto.o
 .text.mp_seq_count_obj
                0x000000000000556e       0x2e firmware.elf.lto.o
 .text.list_count
                0x000000000000559c       0x1c firmware.elf.lto.o
 .text.tuple_count
                0x00000000000055b8       0x10 firmware.elf.lto.o
 .text.mp_get_stream
                0x00000000000055c8       0x1a firmware.elf.lto.o
 .text.mp_stream_rw
                0x00000000000055e2       0x6c firmware.elf.lto.o
 .text.mp_binary_set_int
                0x000000000000564e       0x2a firmware.elf.lto.o
 .text.chop_component
                0x0000000000005678       0x12 firmware.elf.lto.o
 *fill*         0x000000000000568a        0x2 
 .text.mp_builtin_globals
                0x000000000000568c        0xc firmware.elf.lto.o
 .text.mp_builtin_locals
                0x0000000000005698        0xc firmware.elf.lto.o
 .text.gc_disable
                0x00000000000056a4       0x18 firmware.elf.lto.o
 .text.gc_enable
                0x00000000000056bc       0x18 firmware.elf.lto.o
 .text.gc_isenabled
                0x00000000000056d4       0x20 firmware.elf.lto.o
 .text.gc_mem_free
                0x00000000000056f4       0x16 firmware.elf.lto.o
 .text.gc_mem_alloc
                0x000000000000570a       0x16 firmware.elf.lto.o
 .text.mp_micropython_pystack_use
                0x0000000000005720       0x14 firmware.elf.lto.o
 .text.mp_micropython_heap_unlock
                0x0000000000005734       0x18 firmware.elf.lto.o
 .text.mp_micropython_heap_lock
                0x000000000000574c       0x18 firmware.elf.lto.o
 .text.mp_decode_uint
                0x0000000000005764       0x20 firmware.elf.lto.o
 .text.mp_decode_uint_skip
                0x0000000000005784        0xa firmware.elf.lto.o
 *fill*         0x000000000000578e        0x2 
 .text.str_startswith_word
                0x0000000000005790       0x4c firmware.elf.lto.o
 .text.mp_small_int_mul_overflow
                0x00000000000057dc       0x68 firmware.elf.lto.o
 .text.mp_small_int_modulo
                0x0000000000005844       0x1e firmware.elf.lto.o
 .text.mp_small_int_floor_divide
                0x0000000000005862       0x1e firmware.elf.lto.o
 .text.mp_vfs_lookup_path
                0x0000000000005880       0x88 firmware.elf.lto.o
 .text.mp_reader_vfs_readbyte
                0x0000000000005908       0x46 firmware.elf.lto.o
 *fill*         0x000000000000594e        0x2 
 .text.vfs_fat_umount
                0x0000000000005950        0x8 firmware.elf.lto.o
 .text.strn_print_strn
                0x0000000000005958       0x22 firmware.elf.lto.o
 *fill*         0x000000000000597a        0x2 
 .text.rtc_set_continuous
                0x000000000000597c       0x20 firmware.elf.lto.o
 .text.stack_ok
                0x000000000000599c       0x20 firmware.elf.lto.o
 .text.put_utf8
                0x00000000000059bc       0x64 firmware.elf.lto.o
 .text.tu_fifo_count
                0x0000000000005a20       0x18 firmware.elf.lto.o
 .text.get_driver
                0x0000000000005a38       0x40 firmware.elf.lto.o
 .text.tud_ready.lto_priv.0
                0x0000000000005a78       0x1c firmware.elf.lto.o
 .text.usbd_reset
                0x0000000000005a94       0x5c firmware.elf.lto.o
 .text.invoke_class_control
                0x0000000000005af0       0x14 firmware.elf.lto.o
 .text.gpio_set_pin_direction.lto_priv.0
                0x0000000000005b04       0x50 firmware.elf.lto.o
 .text.hidd_reset
                0x0000000000005b54       0x14 firmware.elf.lto.o
 .text.hidd_init
                0x0000000000005b68        0xa firmware.elf.lto.o
 *fill*         0x0000000000005b72        0x2 
 .text.get_hid_device
                0x0000000000005b74       0x28 firmware.elf.lto.o
 .text.midid_control_xfer_cb
                0x0000000000005b9c        0x4 firmware.elf.lto.o
 .text.mscd_init
                0x0000000000005ba0       0x14 firmware.elf.lto.o
 .text.mscd_reset
                0x0000000000005bb4       0x14 firmware.elf.lto.o
 .text.get_vfs  0x0000000000005bc8       0x24 firmware.elf.lto.o
 .text.count_cont_bytes
                0x0000000000005bec       0x1e firmware.elf.lto.o
 .text.ld_dword
                0x0000000000005c0a       0x16 firmware.elf.lto.o
 .text.st_dword
                0x0000000000005c20       0x10 firmware.elf.lto.o
 .text.clust2sect
                0x0000000000005c30       0x18 firmware.elf.lto.o
 .text.clmt_clust
                0x0000000000005c48       0x2a firmware.elf.lto.o
 .text.st_clust
                0x0000000000005c72       0x18 firmware.elf.lto.o
 .text.sum_sfn  0x0000000000005c8a       0x1c firmware.elf.lto.o
 *fill*         0x0000000000005ca6        0x2 
 .text.ff_convert
                0x0000000000005ca8       0x38 firmware.elf.lto.o
 .text.get_fileinfo
                0x0000000000005ce0       0xe6 firmware.elf.lto.o
 *fill*         0x0000000000005dc6        0x2 
 .text.ff_wtoupper
                0x0000000000005dc8       0x88 firmware.elf.lto.o
 .text.timeutils_year_day
                0x0000000000005e50       0x48 firmware.elf.lto.o
 .text.timeutils_seconds_since_2000_to_struct_time
                0x0000000000005e98      0x134 firmware.elf.lto.o
 .text.timeutils_seconds_since_2000
                0x0000000000005fcc       0x6c firmware.elf.lto.o
 .text.prepare_setup
                0x0000000000006038       0x2c firmware.elf.lto.o
 .text.dcd_disconnect
                0x0000000000006064       0x10 firmware.elf.lto.o
 .text.dcd_edpt0_status_complete
                0x0000000000006074       0x24 firmware.elf.lto.o
 .text.normalize_buffer_bounds
                0x0000000000006098       0x2a firmware.elf.lto.o
 .text.stdio_ioctl
                0x00000000000060c2        0xe firmware.elf.lto.o
 .text.stdio_obj___exit__
                0x00000000000060d0        0x8 firmware.elf.lto.o
 .text.__NVIC_DisableIRQ.part.0.lto_priv.0
                0x00000000000060d8       0x1c firmware.elf.lto.o
 .text.turn_off_eic_channel
                0x00000000000060f4       0x70 firmware.elf.lto.o
 .text.eic_channel_free
                0x0000000000006164       0x30 firmware.elf.lto.o
 .text.__NVIC_ClearPendingIRQ.lto_priv.0
                0x0000000000006194       0x1c firmware.elf.lto.o
 .text.__NVIC_DisableIRQ.lto_priv.2
                0x00000000000061b0        0xc firmware.elf.lto.o
 .text.allocation_from_ptr
                0x00000000000061bc       0x2c firmware.elf.lto.o
 .text.Dummy_Handler
                0x00000000000061e8        0x2 firmware.elf.lto.o
 .text.atomic_enter_critical
                0x00000000000061ea        0xe firmware.elf.lto.o
 .text.gclk_enabled
                0x00000000000061f8       0x34 firmware.elf.lto.o
 .text.flash_ready
                0x000000000000622c        0xc firmware.elf.lto.o
 .text.flash_error
                0x0000000000006238        0xc firmware.elf.lto.o
 .text.usart_transmission_complete
                0x0000000000006244       0x12 firmware.elf.lto.o
 .text.usart_error
                0x0000000000006256       0x12 firmware.elf.lto.o
 .text.hri_adc_wait_for_sync.lto_priv.0
                0x0000000000006268        0x8 firmware.elf.lto.o
 .text.hri_dac_wait_for_sync
                0x0000000000006270        0x8 firmware.elf.lto.o
 .text._flash_program
                0x0000000000006278       0x5c firmware.elf.lto.o
 .text.NVMCTRL_Handler
                0x00000000000062d4       0x30 firmware.elf.lto.o
 .text.hri_sercomi2cm_wait_for_sync
                0x0000000000006304        0x8 firmware.elf.lto.o
 .text.hri_sercomspi_wait_for_sync.lto_priv.0
                0x000000000000630c        0x8 firmware.elf.lto.o
 .text.hri_sercomusart_wait_for_sync
                0x0000000000006314        0x8 firmware.elf.lto.o
 .text.get_dev_for_sercom
                0x000000000000631c       0x64 firmware.elf.lto.o
 .text._sercom_usart_interrupt_handler
                0x0000000000006380       0x64 firmware.elf.lto.o
 .text.SERCOM0_Handler
                0x00000000000063e4       0x10 firmware.elf.lto.o
 .text.SERCOM1_Handler
                0x00000000000063f4       0x10 firmware.elf.lto.o
 .text.SERCOM2_Handler
                0x0000000000006404       0x10 firmware.elf.lto.o
 .text.SERCOM3_Handler
                0x0000000000006414       0x10 firmware.elf.lto.o
 .text.SERCOM4_Handler
                0x0000000000006424       0x10 firmware.elf.lto.o
 .text.SERCOM5_Handler
                0x0000000000006434       0x10 firmware.elf.lto.o
 .text.spi_m_sync_transfer
                0x0000000000006444       0xc0 firmware.elf.lto.o
 .text._spi_m_sync_io_read
                0x0000000000006504       0x16 firmware.elf.lto.o
 .text._spi_m_sync_io_write
                0x000000000000651a       0x16 firmware.elf.lto.o
 .text.usart_async_rxc_callback
                0x0000000000006530        0x2 firmware.elf.lto.o
 *fill*         0x0000000000006532        0x2 
 .text.common_hal_digitalio_digitalinout_set_value
                0x0000000000006534       0x3c firmware.elf.lto.o
 .text._gpio_set_direction.part.0
                0x0000000000006570       0x28 firmware.elf.lto.o
 .text.common_hal_mcu_processor_get_uid
                0x0000000000006598       0x38 firmware.elf.lto.o
 .text.common_hal_mcu_disable_interrupts
                0x00000000000065d0       0x14 firmware.elf.lto.o
 *fill*         0x00000000000065e4        0xc 
 .text.neopixel_send_buffer_core
                0x00000000000065f0       0x38 firmware.elf.lto.o
 .text.shared_timer_handler.part.0
                0x0000000000006628       0xbc firmware.elf.lto.o
 .text.TC4_Handler
                0x00000000000066e4        0xa firmware.elf.lto.o
 *fill*         0x00000000000066ee        0x2 
 .text.common_hal_pulseio_pulseout_deinit
                0x00000000000066f0       0x60 firmware.elf.lto.o
 .text.tcc_channel
                0x0000000000006750       0x1c firmware.elf.lto.o
 .text.channel_ok
                0x000000000000676c       0x2c firmware.elf.lto.o
 .text.common_hal_pwmio_pwmout_set_duty_cycle
                0x0000000000006798       0x88 firmware.elf.lto.o
 .text.mcu_disable_interrupts
                0x0000000000006820       0x10 firmware.elf.lto.o
 .text.os_uname
                0x0000000000006830        0x8 firmware.elf.lto.o
 .text.pulseio_pulseout_obj___exit__
                0x0000000000006838       0x10 firmware.elf.lto.o
 .text.pulseio_pulseout_deinit
                0x0000000000006848       0x10 firmware.elf.lto.o
 .text.rtc_set_time_source
                0x0000000000006858       0x14 firmware.elf.lto.o
 .text.supervisor_runtime_get_usb_connected
                0x000000000000686c       0x1c firmware.elf.lto.o
 .text.supervisor_disable_autoreload
                0x0000000000006888       0x14 firmware.elf.lto.o
 .text.supervisor_reload
                0x000000000000689c       0x2c firmware.elf.lto.o
 .text.get_fmt_type
                0x00000000000068c8       0x24 firmware.elf.lto.o
 .text.__kernel_sinf
                0x00000000000068ec       0xe8 firmware.elf.lto.o
 .text.__kernel_cosf
                0x00000000000069d4      0x100 firmware.elf.lto.o
 .text.__kernel_tanf
                0x0000000000006ad4      0x25c firmware.elf.lto.o
 .text.R        0x0000000000006d30       0x50 firmware.elf.lto.o
 .text.get_pin_name.constprop.0
                0x0000000000006d80       0x58 firmware.elf.lto.o
 .text._usart_init
                0x0000000000006dd8       0x64 firmware.elf.lto.o
 .text._sercom_i2c_send_stop
                0x0000000000006e3c       0x16 firmware.elf.lto.o
 *fill*         0x0000000000006e52        0x2 
 .text._sercom_i2c_sync_analyse_flags
                0x0000000000006e54      0x184 firmware.elf.lto.o
 .text._adc_sync_set_inputs.constprop.0
                0x0000000000006fd8       0x38 firmware.elf.lto.o
 .text.turn_on_clocks.constprop.0
                0x0000000000007010       0x44 firmware.elf.lto.o
 .text.sync_config.constprop.0
                0x0000000000007054       0x10 firmware.elf.lto.o
 .text.adafruit_ptc_init.constprop.0
                0x0000000000007064       0xf8 firmware.elf.lto.o
 .text.tud_hid_n_ready.constprop.0
                0x000000000000715c       0x3c firmware.elf.lto.o
 .text.serial_bytes_available
                0x0000000000007198       0x14 firmware.elf.lto.o
 .text.supervisor_runtime_get_serial_bytes_available
                0x00000000000071ac       0x1c firmware.elf.lto.o
 .text.mp_emit_bc_raise_varargs
                0x00000000000071c8       0x1c firmware.elf.lto.o
 .text.mp_emit_bc_load_const_small_int
                0x00000000000071e4       0x90 firmware.elf.lto.o
 .text.mp_emit_bc_load_const_obj
                0x0000000000007274       0x28 firmware.elf.lto.o
 .text.compile_const_object
                0x000000000000729c        0xc firmware.elf.lto.o
 .text.tud_cdc_connected
                0x00000000000072a8       0x1c firmware.elf.lto.o
 .text.usbd_edpt_claim.constprop.0
                0x00000000000072c4       0x34 firmware.elf.lto.o
 .text.usbd_edpt_release.constprop.0.isra.0
                0x00000000000072f8       0x2c firmware.elf.lto.o
 .text._adc_sync_set_resolution.constprop.0.isra.0
                0x0000000000007324       0x28 firmware.elf.lto.o
 .text.usart_fill_rx_buffer
                0x000000000000734c       0x2c firmware.elf.lto.o
 .text.usart_async_write
                0x0000000000007378       0x2c firmware.elf.lto.o
 .text._spi_m_sync_enable.isra.0
                0x00000000000073a4       0x1a firmware.elf.lto.o
 .text._flash_read.isra.0
                0x00000000000073be       0x42 firmware.elf.lto.o
 .text._flash_write
                0x0000000000007400       0xb4 firmware.elf.lto.o
 .text.adc_sync_read_channel.constprop.0.isra.0
                0x00000000000074b4       0x60 firmware.elf.lto.o
 .text._adc_sync_deinit.isra.0
                0x0000000000007514       0x12 firmware.elf.lto.o
 *fill*         0x0000000000007526        0x2 
 .text.samd_peripherals_adc_setup
                0x0000000000007528       0xcc firmware.elf.lto.o
 .text.usart_async_get_status.isra.0
                0x00000000000075f4       0x16 firmware.elf.lto.o
 .text.ld_clust.isra.0
                0x000000000000760a       0x1c firmware.elf.lto.o
 *fill*         0x0000000000007626        0x2 
 .text.usb_midi_portout_ioctl
                0x0000000000007628       0x34 firmware.elf.lto.o
 .text.usb_midi_portin_ioctl
                0x000000000000765c       0x30 firmware.elf.lto.o
 .text.usb_hid_device_obj_get_usage
                0x000000000000768c        0xa firmware.elf.lto.o
 .text.usb_hid_device_obj_get_usage_page
                0x0000000000007696        0xa firmware.elf.lto.o
 .text.usbd_edpt_stall.isra.0
                0x00000000000076a0       0x3c firmware.elf.lto.o
 .text.usbd_edpt_open.isra.0
                0x00000000000076dc      0x124 firmware.elf.lto.o
 .text.usbd_open_edpt_pair.isra.0
                0x0000000000007800       0x4c firmware.elf.lto.o
 .text.tu_fifo_clear.isra.0
                0x000000000000784c       0x16 firmware.elf.lto.o
 *fill*         0x0000000000007862        0x2 
 .text.midid_reset
                0x0000000000007864       0x28 firmware.elf.lto.o
 .text.cdcd_reset
                0x000000000000788c       0x30 firmware.elf.lto.o
 .text.decompress.isra.0
                0x00000000000078bc       0x9c firmware.elf.lto.o
 .text.tud_msc_is_writable_cb
                0x0000000000007958       0x28 firmware.elf.lto.o
 .text.cp_enum_find.isra.0
                0x0000000000007980       0x2c firmware.elf.lto.o
 .text.supervisor_runtime_get_run_reason
                0x00000000000079ac       0x18 firmware.elf.lto.o
 .text.MP_SET_SLOT_IS_FILLED.lto_priv.0.isra.0
                0x00000000000079c4       0x10 firmware.elf.lto.o
 .text.set_it_iternext
                0x00000000000079d4       0x2e firmware.elf.lto.o
 .text.skip_whitespace
                0x0000000000007a02       0x68 firmware.elf.lto.o
 .text.MP_MAP_SLOT_IS_FILLED.lto_priv.0.isra.0
                0x0000000000007a6a       0x10 firmware.elf.lto.o
 .text.dict_iter_next
                0x0000000000007a7a       0x2e firmware.elf.lto.o
 .text.default___enter__
                0x0000000000007aa8        0x2 firmware.elf.lto.o
 .text.TCC0_Handler
                0x0000000000007aaa        0x2 firmware.elf.lto.o
 .text.TCC1_Handler
                0x0000000000007aac        0x2 firmware.elf.lto.o
 .text.TCC2_Handler
                0x0000000000007aae        0x2 firmware.elf.lto.o
 .text.mp_obj_get_int_maybe
                0x0000000000007ab0       0x48 firmware.elf.lto.o
 .text.mp_hal_delay_us
                0x0000000000007af8       0x10 firmware.elf.lto.o
 .text.cdcd_init
                0x0000000000007b08       0x64 firmware.elf.lto.o
 .text.midid_init
                0x0000000000007b6c       0x4c firmware.elf.lto.o
 .text.mcu_processor_get_reset_reason
                0x0000000000007bb8       0x10 firmware.elf.lto.o
 .text.nvm_bytearray_unary_op
                0x0000000000007bc8       0x34 firmware.elf.lto.o
 .text.filesystem_flush
                0x0000000000007bfc       0x14 firmware.elf.lto.o
 .text.reset    0x0000000000007c10       0x20 firmware.elf.lto.o
 .text.reset_into_safe_mode
                0x0000000000007c30       0x28 firmware.elf.lto.o
 .text.gc_free  0x0000000000007c58       0xa0 firmware.elf.lto.o
 .text.HardFault_Handler
                0x0000000000007cf8        0x8 firmware.elf.lto.o
                0x0000000000007cf8                HardFault_Handler
 .text.common_hal_mcu_enable_interrupts
                0x0000000000007d00       0x28 firmware.elf.lto.o
 .text.port_get_raw_ticks.constprop.0
                0x0000000000007d28       0x34 firmware.elf.lto.o
 .text.common_hal_rtc_get_time
                0x0000000000007d5c       0x20 firmware.elf.lto.o
 .text.get_fattime
                0x0000000000007d7c       0x38 firmware.elf.lto.o
 .text.supervisor_ticks_ms64
                0x0000000000007db4       0x1a firmware.elf.lto.o
 *fill*         0x0000000000007dce        0x2 
 .text.time_monotonic
                0x0000000000007dd0       0x44 firmware.elf.lto.o
 .text.background_callback_add_core
                0x0000000000007e14       0x44 firmware.elf.lto.o
 .text.background_callback_run_all
                0x0000000000007e58       0x5c firmware.elf.lto.o
 .text.supervisor_disable_tick
                0x0000000000007eb4       0x38 firmware.elf.lto.o
 .text.supervisor_flash_flush
                0x0000000000007eec       0x18 firmware.elf.lto.o
 .text.dma_configure
                0x0000000000007f04       0x54 firmware.elf.lto.o
 .text.configure_eic_channel
                0x0000000000007f58       0x30 firmware.elf.lto.o
 .text.mcu_enable_interrupts
                0x0000000000007f88       0x10 firmware.elf.lto.o
 .text.assert_heap_ok
                0x0000000000007f98       0x12 firmware.elf.lto.o
 *fill*         0x0000000000007faa        0x2 
 .text.supervisor_background_tasks
                0x0000000000007fac       0x40 firmware.elf.lto.o
 .text.nlr_jump
                0x0000000000007fec       0x44 firmware.elf.lto.o
 .text.mp_raise_arg1
                0x0000000000008030       0x10 firmware.elf.lto.o
 .text.mp_raise_OSError
                0x0000000000008040       0x14 firmware.elf.lto.o
 .text.mp_stream_flush
                0x0000000000008054       0x2c firmware.elf.lto.o
 .text.mp_stream_close
                0x0000000000008080       0x28 firmware.elf.lto.o
 .text.file_obj___exit__
                0x00000000000080a8        0xa firmware.elf.lto.o
 *fill*         0x00000000000080b2        0x2 
 .text.storage_object_from_path
                0x00000000000080b4       0x2c firmware.elf.lto.o
 .text.verify_fs_writable.isra.0
                0x00000000000080e0       0x12 firmware.elf.lto.o
 *fill*         0x00000000000080f2        0x2 
 .text.mp_pystack_alloc
                0x00000000000080f4       0x2c firmware.elf.lto.o
 .text.gen_instance_throw.part.0
                0x0000000000008120       0x10 firmware.elf.lto.o
 .text.mp_sys_exit
                0x0000000000008130       0x1c firmware.elf.lto.o
 .text.tud_cdc_line_state_cb.part.0
                0x000000000000814c       0x2c firmware.elf.lto.o
 .text.TC5_Handler
                0x0000000000008178        0xa firmware.elf.lto.o
 .text.TC3_Handler
                0x0000000000008182        0xa firmware.elf.lto.o
 .text.compile_trailer_period
                0x000000000000818c        0xe firmware.elf.lto.o
 .text.mcu_reset
                0x000000000000819a        0x6 firmware.elf.lto.o
 .text.get_raw_reading
                0x00000000000081a0      0x124 firmware.elf.lto.o
 .text.supervisor_runtime_get_serial_connected
                0x00000000000082c4       0x1c firmware.elf.lto.o
 .text.mp_reader_vfs_close
                0x00000000000082e0       0x12 firmware.elf.lto.o
 .text.vstr_clear
                0x00000000000082f2       0x16 firmware.elf.lto.o
 .text.mp_print_float
                0x0000000000008308       0x96 firmware.elf.lto.o
 *fill*         0x000000000000839e        0x2 
 .text.mp_vprintf
                0x00000000000083a0      0x29c firmware.elf.lto.o
 .text.mp_printf
                0x000000000000863c       0x16 firmware.elf.lto.o
 *fill*         0x0000000000008652        0x2 
 .text.gen_instance_print
                0x0000000000008654       0x30 firmware.elf.lto.o
 .text.range_print
                0x0000000000008684       0x38 firmware.elf.lto.o
 .text.singleton_print
                0x00000000000086bc       0x10 firmware.elf.lto.o
 .text.type_print
                0x00000000000086cc       0x10 firmware.elf.lto.o
 .text.file_obj_print
                0x00000000000086dc       0x20 firmware.elf.lto.o
 .text.stdio_obj_print
                0x00000000000086fc       0x10 firmware.elf.lto.o
 .text.busio_uart_parity_print
                0x000000000000870c       0x28 firmware.elf.lto.o
 .text.digitalio_direction_print
                0x0000000000008734       0x24 firmware.elf.lto.o
 .text.digitalio_drive_mode_print
                0x0000000000008758       0x24 firmware.elf.lto.o
 .text.digitalio_pull_print
                0x000000000000877c       0x24 firmware.elf.lto.o
 .text.mcu_pin_print
                0x00000000000087a0       0x44 firmware.elf.lto.o
 .text.mcu_runmode_print
                0x00000000000087e4       0x30 firmware.elf.lto.o
 .text.mp_str_print_quoted.constprop.0
                0x0000000000008814       0xb8 firmware.elf.lto.o
 .text.str_print
                0x00000000000088cc       0x40 firmware.elf.lto.o
 .text.supervisor_run_reason_print
                0x000000000000890c       0x20 firmware.elf.lto.o
 .text.mp_reader_mem_close
                0x000000000000892c       0x18 firmware.elf.lto.o
 .text.yasmarang
                0x0000000000008944       0x74 firmware.elf.lto.o
 .text.shared_modules_random_randrange
                0x00000000000089b8       0x3e firmware.elf.lto.o
 *fill*         0x00000000000089f6        0x2 
 .text.random_random
                0x00000000000089f8       0x2c firmware.elf.lto.o
 .text.usart_process_byte_sent
                0x0000000000008a24       0x2c firmware.elf.lto.o
 .text.free_memory
                0x0000000000008a50       0x7c firmware.elf.lto.o
 .text.tu_fifo_remaining
                0x0000000000008acc       0x1c firmware.elf.lto.o
 .text.flash_ioctl
                0x0000000000008ae8       0x84 firmware.elf.lto.o
 .text._spi_m_sync_disable.isra.0
                0x0000000000008b6c       0x1a firmware.elf.lto.o
 *fill*         0x0000000000008b86        0x2 
 .text.common_hal_busio_spi_configure
                0x0000000000008b88       0xdc firmware.elf.lto.o
 .text.tc_enable_interrupts
                0x0000000000008c64       0x2c firmware.elf.lto.o
 .text._gpio_set_pin_function.lto_priv.0
                0x0000000000008c90       0x60 firmware.elf.lto.o
 .text.reset_pin_number.part.0
                0x0000000000008cf0       0x38 firmware.elf.lto.o
 .text.reset_pin_number
                0x0000000000008d28        0xc firmware.elf.lto.o
 .text.analogio_analogin___exit__
                0x0000000000008d34       0x1c firmware.elf.lto.o
 .text.common_hal_busio_i2c_deinit
                0x0000000000008d50       0x5c firmware.elf.lto.o
 .text.busio_i2c_obj___exit__
                0x0000000000008dac       0x10 firmware.elf.lto.o
 .text.busio_i2c_obj_deinit
                0x0000000000008dbc       0x10 firmware.elf.lto.o
 .text.common_hal_busio_spi_deinit
                0x0000000000008dcc       0x80 firmware.elf.lto.o
 .text.busio_spi_obj___exit__
                0x0000000000008e4c       0x10 firmware.elf.lto.o
 .text.busio_spi_obj_deinit
                0x0000000000008e5c       0x10 firmware.elf.lto.o
 .text.common_hal_digitalio_digitalinout_deinit
                0x0000000000008e6c       0x16 firmware.elf.lto.o
 *fill*         0x0000000000008e82        0x2 
 .text.digitalio_digitalinout_obj___exit__
                0x0000000000008e84       0x10 firmware.elf.lto.o
 .text.digitalio_digitalinout_obj_deinit
                0x0000000000008e94       0x10 firmware.elf.lto.o
 .text.common_hal_busio_onewire_deinit
                0x0000000000008ea4       0x10 firmware.elf.lto.o
 .text.busio_onewire_deinit
                0x0000000000008eb4       0x10 firmware.elf.lto.o
 .text.busio_onewire_obj___exit__
                0x0000000000008ec4       0x10 firmware.elf.lto.o
 .text.common_hal_pwmio_pwmout_deinit
                0x0000000000008ed4       0xa0 firmware.elf.lto.o
 .text.pwmio_pwmout_deinit
                0x0000000000008f74       0x10 firmware.elf.lto.o
 .text.pwmio_pwmout_obj___exit__
                0x0000000000008f84       0x10 firmware.elf.lto.o
 .text.common_hal_rotaryio_incrementalencoder_deinit.part.0
                0x0000000000008f94       0x38 firmware.elf.lto.o
 .text.rotaryio_incrementalencoder_obj___exit__
                0x0000000000008fcc       0x18 firmware.elf.lto.o
 .text.touchio_touchin_obj___exit__
                0x0000000000008fe4       0x1c firmware.elf.lto.o
 .text.common_hal_analogio_analogout_deinit.part.0
                0x0000000000009000       0x3a firmware.elf.lto.o
 *fill*         0x000000000000903a        0x2 
 .text.analogio_analogout___exit__
                0x000000000000903c       0x18 firmware.elf.lto.o
 .text.supervisor_enable_autoreload
                0x0000000000009054       0x1c firmware.elf.lto.o
 .text.turn_on_external_interrupt_controller
                0x0000000000009070       0x34 firmware.elf.lto.o
 .text._i2c_m_sync_set_baudrate.constprop.0
                0x00000000000090a4      0x150 firmware.elf.lto.o
 .text.gpio_set_pin_pull_mode.lto_priv.0
                0x00000000000091f4       0x60 firmware.elf.lto.o
 .text.common_hal_digitalio_digitalinout_switch_to_output
                0x0000000000009254       0x44 firmware.elf.lto.o
 .text.common_hal_digitalio_digitalinout_set_pull
                0x0000000000009298       0x26 firmware.elf.lto.o
 *fill*         0x00000000000092be        0x2 
 .text.reset_port
                0x00000000000092c0      0x240 firmware.elf.lto.o
 .text.touchio_touchin_deinit
                0x0000000000009500       0x1c firmware.elf.lto.o
 .text.rotaryio_incrementalencoder_deinit
                0x000000000000951c       0x14 firmware.elf.lto.o
 .text.analogio_analogout_deinit
                0x0000000000009530       0x14 firmware.elf.lto.o
 .text.mcu_reset_reason_print
                0x0000000000009544       0x1c firmware.elf.lto.o
 .text.turn_on_eic_channel
                0x0000000000009560       0x30 firmware.elf.lto.o
 .text.pulsein_set_config.constprop.0
                0x0000000000009590       0x1c firmware.elf.lto.o
 .text._port_interrupt_after_ticks
                0x00000000000095ac       0x44 firmware.elf.lto.o
 .text.RTC_Handler
                0x00000000000095f0       0xe0 firmware.elf.lto.o
 .text.supervisor_enable_tick
                0x00000000000096d0       0x2c firmware.elf.lto.o
 .text.flash_write_blocks
                0x00000000000096fc       0xec firmware.elf.lto.o
 .text.mp_hal_delay_ms
                0x00000000000097e8       0xa8 firmware.elf.lto.o
 .text.analogio_analogin_deinit
                0x0000000000009890       0x1c firmware.elf.lto.o
 .text.is_string_or_bytes
                0x00000000000098ac       0x52 firmware.elf.lto.o
 *fill*         0x00000000000098fe        0x2 
 .text._i2c_m_sync_init_impl
                0x0000000000009900       0x84 firmware.elf.lto.o
 .text.common_hal_pulseio_pulsein_deinit.part.0
                0x0000000000009984       0x64 firmware.elf.lto.o
 .text.pulseio_pulsein_obj___exit__
                0x00000000000099e8       0x18 firmware.elf.lto.o
 .text.pulseio_pulsein_deinit
                0x0000000000009a00       0x14 firmware.elf.lto.o
 .text.common_hal_nvm_bytearray_set_bytes.isra.0
                0x0000000000009a14       0x48 firmware.elf.lto.o
 .text.allocate_memory.constprop.0
                0x0000000000009a5c       0xbc firmware.elf.lto.o
 .text.allocate_stack
                0x0000000000009b18       0x70 firmware.elf.lto.o
 .text.stack_resize
                0x0000000000009b88       0x40 firmware.elf.lto.o
 .text.allocate_remaining_memory
                0x0000000000009bc8        0xe firmware.elf.lto.o
 *fill*         0x0000000000009bd6        0x2 
 .text.mcu_processor_get_voltage
                0x0000000000009bd8       0x88 firmware.elf.lto.o
 .text.usbd_edpt_xfer.isra.0
                0x0000000000009c60       0xbc firmware.elf.lto.o
 .text._status_stage_xact.isra.0
                0x0000000000009d1c       0x14 firmware.elf.lto.o
 .text.tud_control_status.isra.0
                0x0000000000009d30       0x24 firmware.elf.lto.o
 .text._data_stage_xact.isra.0
                0x0000000000009d54       0x54 firmware.elf.lto.o
 .text.tud_control_xfer.isra.0
                0x0000000000009da8       0x54 firmware.elf.lto.o
 .text.mscd_control_xfer_cb
                0x0000000000009dfc       0x58 firmware.elf.lto.o
 .text.hidd_control_xfer_cb
                0x0000000000009e54      0x1bc firmware.elf.lto.o
 .text.cdcd_control_xfer_cb
                0x000000000000a010       0xbc firmware.elf.lto.o
 .text.hidd_open
                0x000000000000a0cc       0x90 firmware.elf.lto.o
 .text.mscd_open
                0x000000000000a15c       0x54 firmware.elf.lto.o
 .text.proc_write10_cmd.constprop.0.isra.0
                0x000000000000a1b0       0x54 firmware.elf.lto.o
 .text._prep_out_transaction.lto_priv.1
                0x000000000000a204       0x3e firmware.elf.lto.o
 *fill*         0x000000000000a242        0x2 
 .text.midid_open
                0x000000000000a244       0xc0 firmware.elf.lto.o
 .text._prep_out_transaction.lto_priv.0
                0x000000000000a304       0x3e firmware.elf.lto.o
 *fill*         0x000000000000a342        0x2 
 .text.tud_cdc_rx_wanted_cb
                0x000000000000a344       0x34 firmware.elf.lto.o
 .text.cdcd_open
                0x000000000000a378       0x98 firmware.elf.lto.o
 .text.mp_emit_bc_load_const_tok
                0x000000000000a410       0x48 firmware.elf.lto.o
 .text.flash_read_blocks
                0x000000000000a458      0x1c0 firmware.elf.lto.o
 .text.hidd_xfer_cb
                0x000000000000a618       0x70 firmware.elf.lto.o
 .text.mcu_processor_get_temperature
                0x000000000000a688      0x23c firmware.elf.lto.o
 .text.common_hal_busio_uart_deinit
                0x000000000000a8c4       0x7c firmware.elf.lto.o
 .text.busio_uart_obj_deinit
                0x000000000000a940       0x10 firmware.elf.lto.o
 .text.busio_uart_obj___exit__
                0x000000000000a950       0x10 firmware.elf.lto.o
 .text._i2c_m_sync_transfer
                0x000000000000a960      0x138 firmware.elf.lto.o
 .text.i2c_m_sync_read
                0x000000000000aa98       0x30 firmware.elf.lto.o
 .text.i2c_m_sync_write
                0x000000000000aac8       0x30 firmware.elf.lto.o
 .text.busio_spi_obj_try_lock
                0x000000000000aaf8       0x34 firmware.elf.lto.o
 .text.gpio_get_pin_level.lto_priv.0
                0x000000000000ab2c       0x48 firmware.elf.lto.o
 .text.common_hal_digitalio_digitalinout_get_value
                0x000000000000ab74       0x44 firmware.elf.lto.o
 .text.EIC_Handler
                0x000000000000abb8      0x19c firmware.elf.lto.o
 .text.common_hal_busio_uart_set_baudrate
                0x000000000000ad54       0x74 firmware.elf.lto.o
 .text.usart_async_read
                0x000000000000adc8       0x48 firmware.elf.lto.o
 .text.samd_peripherals_sercom_clock_init
                0x000000000000ae10       0x44 firmware.elf.lto.o
 .text.shared_dma_transfer
                0x000000000000ae54      0x1b8 firmware.elf.lto.o
 .text.get_relative_pointer.constprop.0
                0x000000000000b00c       0x1e firmware.elf.lto.o
 .text.tu_fifo_write_n.part.0
                0x000000000000b02a       0xac firmware.elf.lto.o
 *fill*         0x000000000000b0d6        0x2 
 .text.osal_queue_send.isra.0
                0x000000000000b0d8       0x80 firmware.elf.lto.o
 .text.dcd_event_xfer_complete.constprop.0
                0x000000000000b158       0x38 firmware.elf.lto.o
 .text.dcd_event_bus_signal.constprop.0
                0x000000000000b190       0x58 firmware.elf.lto.o
 .text.USB_Handler
                0x000000000000b1e8      0x14c firmware.elf.lto.o
 .text.tu_fifo_read_n
                0x000000000000b334       0xa4 firmware.elf.lto.o
 .text.write_flush
                0x000000000000b3d8       0x4e firmware.elf.lto.o
 *fill*         0x000000000000b426        0x2 
 .text.midid_xfer_cb
                0x000000000000b428       0x88 firmware.elf.lto.o
 .text.usb_midi_portout_write
                0x000000000000b4b0      0x104 firmware.elf.lto.o
 .text.usb_midi_portin_read
                0x000000000000b5b4       0xa4 firmware.elf.lto.o
 .text.tud_cdc_n_read_char.constprop.0
                0x000000000000b658       0x30 firmware.elf.lto.o
 .text.tud_cdc_n_write_flush.constprop.0
                0x000000000000b688       0x5c firmware.elf.lto.o
 .text.cdcd_xfer_cb
                0x000000000000b6e4       0xd0 firmware.elf.lto.o
 .text.usb_background
                0x000000000000b7b4      0x61c firmware.elf.lto.o
 .text.usb_background_do
                0x000000000000bdd0        0x8 firmware.elf.lto.o
 .text.serial_write_substring.part.0
                0x000000000000bdd8       0x48 firmware.elf.lto.o
 .text.serial_write
                0x000000000000be20       0x14 firmware.elf.lto.o
 .text.serial_write_compressed
                0x000000000000be34       0x22 firmware.elf.lto.o
 *fill*         0x000000000000be56        0x2 
 .text.print_code_py_status_message
                0x000000000000be58       0x3c firmware.elf.lto.o
 .text.print_safe_mode_message
                0x000000000000be94       0xc0 firmware.elf.lto.o
 .text.set_clear
                0x000000000000bf54       0x1c firmware.elf.lto.o
 .text.mp_hal_stdin_rx_chr
                0x000000000000bf70       0x2c firmware.elf.lto.o
 .text.stdio_read
                0x000000000000bf9c       0x32 firmware.elf.lto.o
 *fill*         0x000000000000bfce        0x2 
 .text.uni_print
                0x000000000000bfd0      0x100 firmware.elf.lto.o
 .text.mp_obj_len_maybe
                0x000000000000c0d0       0x48 firmware.elf.lto.o
 .text.mp_obj_is_true
                0x000000000000c118       0x64 firmware.elf.lto.o
 .text.m_malloc
                0x000000000000c17c       0x1c firmware.elf.lto.o
 .text.mp_map_rehash
                0x000000000000c198       0x58 firmware.elf.lto.o
 .text.mp_map_lookup
                0x000000000000c1f0      0x180 firmware.elf.lto.o
 .text.mp_load_method_maybe
                0x000000000000c370       0x60 firmware.elf.lto.o
 .text.mp_load_method_protected
                0x000000000000c3d0       0x44 firmware.elf.lto.o
 .text.check_for_special_accessors.constprop.0
                0x000000000000c414       0x44 firmware.elf.lto.o
 .text.map_has_special_accessors
                0x000000000000c458       0x32 firmware.elf.lto.o
 *fill*         0x000000000000c48a        0x2 
 .text.gc_collect_end
                0x000000000000c48c      0x128 firmware.elf.lto.o
 .text.cleanup_after_vm
                0x000000000000c5b4       0xbc firmware.elf.lto.o
 .text.gc_collect
                0x000000000000c670       0x80 firmware.elf.lto.o
 .text.gc_alloc
                0x000000000000c6f0      0x1f4 firmware.elf.lto.o
 .text.gc_make_long_lived
                0x000000000000c8e4       0x70 firmware.elf.lto.o
 .text.make_obj_long_lived
                0x000000000000c954      0x170 firmware.elf.lto.o
 .text.make_dict_long_lived
                0x000000000000cac4       0x70 firmware.elf.lto.o
 .text.gc_realloc
                0x000000000000cb34      0x18c firmware.elf.lto.o
 .text.m_realloc_maybe
                0x000000000000ccc0        0x8 firmware.elf.lto.o
 .text.exc_add_strn
                0x000000000000ccc8       0x58 firmware.elf.lto.o
 .text.m_malloc_maybe
                0x000000000000cd20        0xc firmware.elf.lto.o
 .text.mp_obj_exception_add_traceback
                0x000000000000cd2c       0x6c firmware.elf.lto.o
 .text.raise_exc
                0x000000000000cd98       0x20 firmware.elf.lto.o
 .text.mp_obj_exception_make_new
                0x000000000000cdb8       0x70 firmware.elf.lto.o
 .text.mp_obj_new_exception_msg_vlist
                0x000000000000ce28       0xc0 firmware.elf.lto.o
 .text.mp_obj_new_exception_msg_varg
                0x000000000000cee8       0x16 firmware.elf.lto.o
 .text.mp_raise_msg
                0x000000000000cefe       0x14 firmware.elf.lto.o
 *fill*         0x000000000000cf12        0x2 
 .text.mp_raise_AttributeError
                0x000000000000cf14       0x10 firmware.elf.lto.o
 .text.namedtuple_attr
                0x000000000000cf24       0x38 firmware.elf.lto.o
 .text.digitalio_digitalinout_obj_get_drive_mode.part.0
                0x000000000000cf5c        0xc firmware.elf.lto.o
 .text.mp_raise_RuntimeError
                0x000000000000cf68       0x10 firmware.elf.lto.o
 .text.mp_stack_check
                0x000000000000cf78       0x20 firmware.elf.lto.o
 .text.mp_obj_print_helper
                0x000000000000cf98       0x44 firmware.elf.lto.o
 .text.mp_obj_attrtuple_print_helper
                0x000000000000cfdc       0x5c firmware.elf.lto.o
 .text.mp_obj_attrtuple_print
                0x000000000000d038       0x12 firmware.elf.lto.o
 *fill*         0x000000000000d04a        0x2 
 .text.namedtuple_print
                0x000000000000d04c       0x24 firmware.elf.lto.o
 .text.dict_print
                0x000000000000d070       0x64 firmware.elf.lto.o
 .text.list_print
                0x000000000000d0d4       0x48 firmware.elf.lto.o
 .text.set_print
                0x000000000000d11c       0x64 firmware.elf.lto.o
 .text.slice_print
                0x000000000000d180       0x54 firmware.elf.lto.o
 .text.mp_obj_tuple_print
                0x000000000000d1d4       0x5c firmware.elf.lto.o
 .text.super_print
                0x000000000000d230       0x40 firmware.elf.lto.o
 .text.mp_builtin___repl_print__
                0x000000000000d270       0x44 firmware.elf.lto.o
 .text.mp_obj_print.constprop.0
                0x000000000000d2b4       0x14 firmware.elf.lto.o
 .text.mp_obj_print_exception.constprop.0
                0x000000000000d2c8       0xdc firmware.elf.lto.o
 .text.mp_sys_print_exception
                0x000000000000d3a4       0x10 firmware.elf.lto.o
 .text.raise_corrupt_mpy
                0x000000000000d3b4        0xc firmware.elf.lto.o
 .text.read_bytes
                0x000000000000d3c0       0x22 firmware.elf.lto.o
 .text.read_uint
                0x000000000000d3e2       0x28 firmware.elf.lto.o
 *fill*         0x000000000000d40a        0x2 
 .text.check_lock.part.0.lto_priv.0
                0x000000000000d40c        0xc firmware.elf.lto.o
 .text.check_lock.lto_priv.1.isra.0
                0x000000000000d418        0xc firmware.elf.lto.o
 .text.check_lock.lto_priv.0
                0x000000000000d424       0x10 firmware.elf.lto.o
 .text.mp_raise_ValueError
                0x000000000000d434       0x10 firmware.elf.lto.o
 .text.mp_binary_get_size
                0x000000000000d444       0xec firmware.elf.lto.o
 .text.array_get_buffer
                0x000000000000d530       0x50 firmware.elf.lto.o
 .text.common_hal_busio_spi_construct
                0x000000000000d580      0x258 firmware.elf.lto.o
 .text.validate_timeout.part.0
                0x000000000000d7d8        0xc firmware.elf.lto.o
 .text.math_error
                0x000000000000d7e4        0xc firmware.elf.lto.o
 .text.mcu_on_next_reset
                0x000000000000d7f0       0x6c firmware.elf.lto.o
 .text.raise_deinited_error
                0x000000000000d85c        0xc firmware.elf.lto.o
 .text.check_for_deinit.lto_priv.2
                0x000000000000d868       0x10 firmware.elf.lto.o
 .text.busio_i2c_obj_try_lock
                0x000000000000d878       0x38 firmware.elf.lto.o
 .text.busio_i2c_obj_unlock
                0x000000000000d8b0       0x18 firmware.elf.lto.o
 .text.check_for_deinit.lto_priv.3
                0x000000000000d8c8        0xe firmware.elf.lto.o
 *fill*         0x000000000000d8d6        0x2 
 .text.busio_onewire_obj_reset
                0x000000000000d8d8       0x58 firmware.elf.lto.o
 .text.busio_onewire_obj_read_bit
                0x000000000000d930       0x54 firmware.elf.lto.o
 .text.busio_onewire_obj_write_bit
                0x000000000000d984       0x54 firmware.elf.lto.o
 .text.check_for_deinit.lto_priv.5
                0x000000000000d9d8       0x18 firmware.elf.lto.o
 .text.busio_uart_obj_get_baudrate
                0x000000000000d9f0       0x12 firmware.elf.lto.o
 .text.busio_uart_obj_get_in_waiting
                0x000000000000da02       0x1c firmware.elf.lto.o
 *fill*         0x000000000000da1e        0x2 
 .text.busio_uart_obj_get_timeout
                0x000000000000da20       0x2c firmware.elf.lto.o
 .text.busio_uart_obj_reset_input_buffer
                0x000000000000da4c       0x14 firmware.elf.lto.o
 .text.busio_uart_write
                0x000000000000da60       0x58 firmware.elf.lto.o
 .text.busio_uart_read
                0x000000000000dab8       0x98 firmware.elf.lto.o
 .text.busio_uart_ioctl
                0x000000000000db50       0x60 firmware.elf.lto.o
 .text.check_for_deinit.lto_priv.7
                0x000000000000dbb0        0xe firmware.elf.lto.o
 *fill*         0x000000000000dbbe        0x2 
 .text.pulseio_pulsein_obj_pause
                0x000000000000dbc0       0x20 firmware.elf.lto.o
 .text.pulseio_pulsein_obj_clear
                0x000000000000dbe0       0x20 firmware.elf.lto.o
 .text.pulseio_pulsein_obj_get_maxlen
                0x000000000000dc00       0x12 firmware.elf.lto.o
 *fill*         0x000000000000dc12        0x2 
 .text.pulseio_pulsein_obj_get_paused
                0x000000000000dc14       0x28 firmware.elf.lto.o
 .text.pulsein_unary_op
                0x000000000000dc3c       0x34 firmware.elf.lto.o
 .text.check_for_deinit.lto_priv.10.isra.0
                0x000000000000dc70        0xc firmware.elf.lto.o
 .text.touchio_touchin_obj_get_threshold
                0x000000000000dc7c       0x14 firmware.elf.lto.o
 .text.touchio_touchin_obj_get_raw_value
                0x000000000000dc90       0x18 firmware.elf.lto.o
 .text.touchio_touchin_obj_get_value
                0x000000000000dca8       0x28 firmware.elf.lto.o
 .text.check_for_deinit.lto_priv.8.isra.0
                0x000000000000dcd0        0xc firmware.elf.lto.o
 .text.pwmio_pwmout_obj_get_frequency
                0x000000000000dcdc       0x64 firmware.elf.lto.o
 .text.pwmio_pwmout_obj_get_duty_cycle
                0x000000000000dd40       0x90 firmware.elf.lto.o
 .text.check_for_deinit.lto_priv.6.isra.0
                0x000000000000ddd0        0xc firmware.elf.lto.o
 .text.digitalio_digitalinout_obj_set_pull
                0x000000000000dddc       0x54 firmware.elf.lto.o
 .text.digitalio_digitalinout_obj_get_pull
                0x000000000000de30       0x58 firmware.elf.lto.o
 .text.digitalio_digitalinout_obj_set_drive_mode
                0x000000000000de88       0x40 firmware.elf.lto.o
 .text.digitalio_digitalinout_obj_get_drive_mode
                0x000000000000dec8       0x28 firmware.elf.lto.o
 .text.digitalio_digitalinout_obj_set_value
                0x000000000000def0       0x34 firmware.elf.lto.o
 .text.digitalio_digitalinout_obj_get_value
                0x000000000000df24       0x24 firmware.elf.lto.o
 .text.digitalio_digitalinout_obj_get_direction
                0x000000000000df48       0x20 firmware.elf.lto.o
 .text.check_for_deinit.lto_priv.4.isra.0
                0x000000000000df68        0xc firmware.elf.lto.o
 .text.busio_spi_obj_get_frequency
                0x000000000000df74       0x24 firmware.elf.lto.o
 .text.busio_spi_obj_unlock
                0x000000000000df98       0x18 firmware.elf.lto.o
 .text.analogio_analogin_obj_get_value
                0x000000000000dfb0       0x74 firmware.elf.lto.o
 .text.analogio_analogin_obj_get_reference_voltage
                0x000000000000e024       0x14 firmware.elf.lto.o
 .text.common_hal_busio_i2c_construct.constprop.0
                0x000000000000e038      0x1c4 firmware.elf.lto.o
 .text.mp_raise_TypeError
                0x000000000000e1fc       0x10 firmware.elf.lto.o
 .text.mp_get_buffer_raise
                0x000000000000e20c       0x18 firmware.elf.lto.o
 .text.readfrom
                0x000000000000e224       0x88 firmware.elf.lto.o
 .text.writeto  0x000000000000e2ac       0x8c firmware.elf.lto.o
 .text.mp_ensure_not_fixed
                0x000000000000e338       0x10 firmware.elf.lto.o
 .text.dict_clear
                0x000000000000e348       0x30 firmware.elf.lto.o
 .text.gen_instance_pend_throw
                0x000000000000e378       0x1c firmware.elf.lto.o
 .text.mp_obj_is_subclass
                0x000000000000e394       0x68 firmware.elf.lto.o
 .text.mp_builtin_isinstance
                0x000000000000e3fc       0x10 firmware.elf.lto.o
 .text.mp_builtin_issubclass
                0x000000000000e40c       0x24 firmware.elf.lto.o
 .text.pulseio_pulseout_obj_send
                0x000000000000e430       0xe0 firmware.elf.lto.o
 .text.mp_raise_NotImplementedError
                0x000000000000e510       0x10 firmware.elf.lto.o
 .text.digitalio_digitalinout_switch_to_output.part.0
                0x000000000000e520        0xc firmware.elf.lto.o
 .text.digitalio_digitalinout_obj_set_direction
                0x000000000000e52c       0x50 firmware.elf.lto.o
 .text.time_not_implemented
                0x000000000000e57c        0xc firmware.elf.lto.o
 .text.mp_obj_new_int_from_uint.part.0
                0x000000000000e588       0x14 firmware.elf.lto.o
 .text.mp_obj_new_int
                0x000000000000e59c       0x12 firmware.elf.lto.o
 *fill*         0x000000000000e5ae        0x2 
 .text.range_attr
                0x000000000000e5b0       0x3c firmware.elf.lto.o
 .text.rotaryio_incrementalencoder_obj_get_position
                0x000000000000e5ec       0x14 firmware.elf.lto.o
 .text.rtc_rtc_obj_get_calibration
                0x000000000000e600       0x28 firmware.elf.lto.o
 .text.mp_obj_new_int_from_uint
                0x000000000000e628       0x12 firmware.elf.lto.o
 *fill*         0x000000000000e63a        0x2 
 .text.int_from_bytes
                0x000000000000e63c       0x44 firmware.elf.lto.o
 .text.mp_obj_id
                0x000000000000e680       0x1e firmware.elf.lto.o
 *fill*         0x000000000000e69e        0x2 
 .text.mp_binary_get_val_array
                0x000000000000e6a0       0xa0 firmware.elf.lto.o
 .text.array_print
                0x000000000000e740       0x88 firmware.elf.lto.o
 .text.array_it_iternext
                0x000000000000e7c8       0x26 firmware.elf.lto.o
 *fill*         0x000000000000e7ee        0x2 
 .text.mcu_processor_get_frequency
                0x000000000000e7f0       0x10 firmware.elf.lto.o
 .text.mp_obj_new_int_from_ll.constprop.0
                0x000000000000e800       0x14 firmware.elf.lto.o
 .text.mp_parse_num_integer
                0x000000000000e814      0x170 firmware.elf.lto.o
 .text.get_fmt_num
                0x000000000000e984       0x2e firmware.elf.lto.o
 *fill*         0x000000000000e9b2        0x2 
 .text.mp_load_method
                0x000000000000e9b4       0x34 firmware.elf.lto.o
 .text.compile_syntax_error
                0x000000000000e9e8       0x24 firmware.elf.lto.o
 .text.compile_star_expr
                0x000000000000ea0c       0x10 firmware.elf.lto.o
 .text.compile_break_cont_stmt
                0x000000000000ea1c       0x98 firmware.elf.lto.o
 .text.mp_raise_msg_vlist
                0x000000000000eab4        0xa firmware.elf.lto.o
 .text.mp_raise_msg_varg
                0x000000000000eabe        0xe firmware.elf.lto.o
 .text.m_malloc_fail
                0x000000000000eacc       0x30 firmware.elf.lto.o
 .text.m_malloc_with_finaliser
                0x000000000000eafc       0x18 firmware.elf.lto.o
 .text.qstr_from_strn
                0x000000000000eb14      0x130 firmware.elf.lto.o
 .text.do_import_name
                0x000000000000ec44      0x140 firmware.elf.lto.o
 .text.load_qstr
                0x000000000000ed84       0x2e firmware.elf.lto.o
 .text.mp_obj_new_str_via_qstr
                0x000000000000edb2        0xe firmware.elf.lto.o
 .text.str_it_iternext
                0x000000000000edc0       0x3a firmware.elf.lto.o
 *fill*         0x000000000000edfa        0x2 
 .text.set_pop  0x000000000000edfc       0x64 firmware.elf.lto.o
 .text.mp_raise_IndexError_varg
                0x000000000000ee60       0x14 firmware.elf.lto.o
 .text.pulseio_pulsein_obj_popleft
                0x000000000000ee74       0x5c firmware.elf.lto.o
 .text.mp_raise_ValueError_varg
                0x000000000000eed0       0x14 firmware.elf.lto.o
 .text.common_hal_usb_hid_device_send_report
                0x000000000000eee4       0xd4 firmware.elf.lto.o
 .text.usb_hid_device_send_report
                0x000000000000efb8       0x24 firmware.elf.lto.o
 .text.assert_pin_free
                0x000000000000efdc       0x98 firmware.elf.lto.o
 .text.board_spi
                0x000000000000f074       0x58 firmware.elf.lto.o
 .text.board_i2c
                0x000000000000f0cc       0x54 firmware.elf.lto.o
 .text.mp_raise_TypeError_varg
                0x000000000000f120       0x14 firmware.elf.lto.o
 .text.mp_unary_op
                0x000000000000f134       0xd8 firmware.elf.lto.o
 .text.bool_unary_op
                0x000000000000f20c       0x1a firmware.elf.lto.o
 *fill*         0x000000000000f226        0x2 
 .text.mp_obj_tuple_unary_op
                0x000000000000f228       0x60 firmware.elf.lto.o
 .text.mp_builtin_hash
                0x000000000000f288        0xc firmware.elf.lto.o
 .text.mp_builtin_abs
                0x000000000000f294        0xc firmware.elf.lto.o
 .text.mp_call_function_n_kw
                0x000000000000f2a0       0x2c firmware.elf.lto.o
 .text.mp_call_function_0
                0x000000000000f2cc        0xe firmware.elf.lto.o
 .text.mp_call_function_1
                0x000000000000f2da       0x10 firmware.elf.lto.o
 .text.mp_call_function_1_protected.isra.0
                0x000000000000f2ea       0x2a firmware.elf.lto.o
 .text.mp_call_method_n_kw
                0x000000000000f314       0x20 firmware.elf.lto.o
 .text.it_iternext
                0x000000000000f334       0x54 firmware.elf.lto.o
 .text.mp_vfs_proxy_call.lto_priv.0
                0x000000000000f388       0x3e firmware.elf.lto.o
 *fill*         0x000000000000f3c6        0x2 
 .text.disk_write
                0x000000000000f3c8       0x7c firmware.elf.lto.o
 .text.sync_window
                0x000000000000f444       0x4e firmware.elf.lto.o
 *fill*         0x000000000000f492        0x2 
 .text.disk_read
                0x000000000000f494       0x74 firmware.elf.lto.o
 .text.move_window
                0x000000000000f508       0x34 firmware.elf.lto.o
 .text.check_fs
                0x000000000000f53c       0x84 firmware.elf.lto.o
 .text.put_fat  0x000000000000f5c0      0x110 firmware.elf.lto.o
 .text.get_fat.isra.0
                0x000000000000f6d0       0xc4 firmware.elf.lto.o
 .text.create_chain.isra.0
                0x000000000000f794       0xaa firmware.elf.lto.o
 .text.remove_chain.constprop.0.isra.0
                0x000000000000f83e       0x5c firmware.elf.lto.o
 .text.dir_next
                0x000000000000f89a       0xf4 firmware.elf.lto.o
 *fill*         0x000000000000f98e        0x2 
 .text.dir_read
                0x000000000000f990      0x130 firmware.elf.lto.o
 .text.dir_sdi  0x000000000000fac0       0x8e firmware.elf.lto.o
 .text.dir_alloc
                0x000000000000fb4e       0x4a firmware.elf.lto.o
 .text.dir_remove
                0x000000000000fb98       0x4c firmware.elf.lto.o
 .text.dir_find
                0x000000000000fbe4      0x170 firmware.elf.lto.o
 .text.follow_path
                0x000000000000fd54      0x2f0 firmware.elf.lto.o
 .text.dir_register
                0x0000000000010044      0x22c firmware.elf.lto.o
 .text.proc_read10_cmd.constprop.0
                0x0000000000010270       0x90 firmware.elf.lto.o
 .text.mp_vfs_proxy_call.lto_priv.1
                0x0000000000010300       0x56 firmware.elf.lto.o
 *fill*         0x0000000000010356        0x2 
 .text.common_hal_storage_umount_object
                0x0000000000010358       0x48 firmware.elf.lto.o
 .text.mp_convert_member_lookup
                0x00000000000103a0       0xa8 firmware.elf.lto.o
 .text.slice_attr
                0x0000000000010448       0x4c firmware.elf.lto.o
 .text.mp_store_attr
                0x0000000000010494       0xa4 firmware.elf.lto.o
 .text.mp_make_raise_obj
                0x0000000000010538       0x3c firmware.elf.lto.o
 .text.mp_call_method_self_n_kw
                0x0000000000010574       0x3c firmware.elf.lto.o
 .text.bound_meth_call
                0x00000000000105b0       0x12 firmware.elf.lto.o
 *fill*         0x00000000000105c2        0x2 
 .text.mp_iternext_allow_raise
                0x00000000000105c4       0x44 firmware.elf.lto.o
 .text.mp_builtin_next
                0x0000000000010608       0x18 firmware.elf.lto.o
 .text.mp_iternext
                0x0000000000010620       0x78 firmware.elf.lto.o
 .text.filter_iternext
                0x0000000000010698       0x34 firmware.elf.lto.o
 .text.mp_arg_check_num_kw_array
                0x00000000000106cc       0x54 firmware.elf.lto.o
 .text.mp_arg_check_num
                0x0000000000010720       0x18 firmware.elf.lto.o
 .text.bool_make_new
                0x0000000000010738       0x34 firmware.elf.lto.o
 .text.supervisor_flash_obj_make_new
                0x000000000001076c       0x18 firmware.elf.lto.o
 .text.rtc_rtc_make_new
                0x0000000000010784       0x18 firmware.elf.lto.o
 .text.fun_builtin_var_call
                0x000000000001079c       0x58 firmware.elf.lto.o
 .text.fun_builtin_3_call
                0x00000000000107f4       0x1e firmware.elf.lto.o
 .text.fun_builtin_2_call
                0x0000000000010812       0x1e firmware.elf.lto.o
 .text.fun_builtin_1_call
                0x0000000000010830       0x1e firmware.elf.lto.o
 .text.fun_builtin_0_call
                0x000000000001084e       0x18 firmware.elf.lto.o
 *fill*         0x0000000000010866        0x2 
 .text.mp_get_index
                0x0000000000010868       0x70 firmware.elf.lto.o
 .text.mp_seq_index_obj
                0x00000000000108d8       0x6c firmware.elf.lto.o
 .text.list_index
                0x0000000000010944       0x20 firmware.elf.lto.o
 .text.tuple_index
                0x0000000000010964       0x14 firmware.elf.lto.o
 .text.pulsein_subscr
                0x0000000000010978       0xa0 firmware.elf.lto.o
 .text.mp_obj_subscr
                0x0000000000010a18       0x50 firmware.elf.lto.o
 .text.reversed_iternext
                0x0000000000010a68       0x1e firmware.elf.lto.o
 *fill*         0x0000000000010a86        0x2 
 .text.mp_obj_len
                0x0000000000010a88       0x20 firmware.elf.lto.o
 .text.mp_obj_get_array
                0x0000000000010aa8       0x48 firmware.elf.lto.o
 .text.mp_obj_get_float
                0x0000000000010af0       0x28 firmware.elf.lto.o
 .text.busio_uart_obj_set_timeout
                0x0000000000010b18       0x4c firmware.elf.lto.o
 .text.mp_math_copysign
                0x0000000000010b64       0x2c firmware.elf.lto.o
 .text.mp_math_isinf
                0x0000000000010b90       0x38 firmware.elf.lto.o
 .text.mp_math_fabs
                0x0000000000010bc8       0x1c firmware.elf.lto.o
 .text.mp_math_isfinite
                0x0000000000010be4       0x38 firmware.elf.lto.o
 .text.mp_math_isnan
                0x0000000000010c1c       0x20 firmware.elf.lto.o
 .text.mp_math_radians
                0x0000000000010c3c       0x24 firmware.elf.lto.o
 .text.mp_math_degrees
                0x0000000000010c60       0x24 firmware.elf.lto.o
 .text.random_uniform
                0x0000000000010c84       0x50 firmware.elf.lto.o
 .text.time_sleep
                0x0000000000010cd4       0x44 firmware.elf.lto.o
 .text.mp_obj_get_int
                0x0000000000010d18       0x50 firmware.elf.lto.o
 .text.mp_obj_get_int_truncated
                0x0000000000010d68       0x20 firmware.elf.lto.o
 .text.stream_write_method
                0x0000000000010d88       0xb4 firmware.elf.lto.o
 .text.random_seed
                0x0000000000010e3c       0x34 firmware.elf.lto.o
 .text.mp_seq_get_fast_slice_indexes
                0x0000000000010e70       0xec firmware.elf.lto.o
 .text.stream_readinto
                0x0000000000010f5c       0x7c firmware.elf.lto.o
 .text.stream_seek
                0x0000000000010fd8       0x54 firmware.elf.lto.o
 .text.stream_tell
                0x000000000001102c       0x16 firmware.elf.lto.o
 *fill*         0x0000000000011042        0x2 
 .text.mp_builtin_chr
                0x0000000000011044       0x9c firmware.elf.lto.o
 .text.mp_micropython_kbd_intr
                0x00000000000110e0       0x3c firmware.elf.lto.o
 .text.disk_ioctl
                0x000000000001111c       0xe0 firmware.elf.lto.o
 .text.tud_msc_start_stop_cb
                0x00000000000111fc       0x5c firmware.elf.lto.o
 .text.sync_fs  0x0000000000011258       0xb0 firmware.elf.lto.o
 .text.f_rename.part.0
                0x0000000000011308       0xfe firmware.elf.lto.o
 *fill*         0x0000000000011406        0x2 
 .text.f_setlabel.part.0
                0x0000000000011408      0x114 firmware.elf.lto.o
 .text.find_volume
                0x000000000001151c      0x2cc firmware.elf.lto.o
 .text.f_open   0x00000000000117e8      0x14a firmware.elf.lto.o
 .text.f_stat   0x0000000000011932       0x3e firmware.elf.lto.o
 .text.fat_vfs_import_stat
                0x0000000000011970       0x26 firmware.elf.lto.o
 .text.f_mkdir  0x0000000000011996      0x164 firmware.elf.lto.o
 .text.validate
                0x0000000000011afa       0x46 firmware.elf.lto.o
 .text.f_read   0x0000000000011b40      0x156 firmware.elf.lto.o
 *fill*         0x0000000000011c96        0x2 
 .text.file_obj_read
                0x0000000000011c98       0x24 firmware.elf.lto.o
 .text.f_write  0x0000000000011cbc      0x1a4 firmware.elf.lto.o
 .text.file_obj_write
                0x0000000000011e60       0x30 firmware.elf.lto.o
 .text.mp_hal_stdout_tx_strn
                0x0000000000011e90       0x30 firmware.elf.lto.o
 .text.mp_hal_stdout_tx_str
                0x0000000000011ec0       0x12 firmware.elf.lto.o
 *fill*         0x0000000000011ed2        0x2 
 .text.mp_hal_stdout_tx_strn_cooked
                0x0000000000011ed4       0x54 firmware.elf.lto.o
 .text.plat_print_strn
                0x0000000000011f28        0xc firmware.elf.lto.o
 .text.stdio_write
                0x0000000000011f34       0x24 firmware.elf.lto.o
 .text.f_sync   0x0000000000011f58       0x74 firmware.elf.lto.o
 .text.f_close  0x0000000000011fcc       0x1c firmware.elf.lto.o
 .text.make_empty_file.constprop.0
                0x0000000000011fe8       0x20 firmware.elf.lto.o
 .text.f_lseek  0x0000000000012008      0x1c4 firmware.elf.lto.o
 .text.file_obj_ioctl
                0x00000000000121cc       0x6c firmware.elf.lto.o
 .text.os_sync  0x0000000000012238       0x28 firmware.elf.lto.o
 .text.f_mkfs.constprop.0
                0x0000000000012260      0x3cc firmware.elf.lto.o
 .text.filesystem_init
                0x000000000001262c      0x12c firmware.elf.lto.o
 .text.storage_erase_filesystem
                0x0000000000012758       0x1c firmware.elf.lto.o
 .text.vfs_fat_mount
                0x0000000000012774       0x58 firmware.elf.lto.o
 .text.mscd_xfer_cb
                0x00000000000127cc      0x51c firmware.elf.lto.o
 .text.supervisor_flash_obj_ioctl
                0x0000000000012ce8       0x24 firmware.elf.lto.o
 .text.supervisor_flash_obj_writeblocks
                0x0000000000012d0c       0x2a firmware.elf.lto.o
 .text.supervisor_flash_obj_readblocks
                0x0000000000012d36       0x2a firmware.elf.lto.o
 .text.analogio_analogout_obj_set_value
                0x0000000000012d60       0x6c firmware.elf.lto.o
 .text.busio_uart_obj_set_baudrate
                0x0000000000012dcc       0x20 firmware.elf.lto.o
 .text.mcu_delay_us
                0x0000000000012dec       0x14 firmware.elf.lto.o
 .text.pwmio_pwmout_obj_set_frequency
                0x0000000000012e00      0x15c firmware.elf.lto.o
 .text.pwmio_pwmout_obj_set_duty_cycle
                0x0000000000012f5c       0x34 firmware.elf.lto.o
 .text.random_choice
                0x0000000000012f90       0x38 firmware.elf.lto.o
 .text.random_getrandbits
                0x0000000000012fc8       0x2c firmware.elf.lto.o
 .text.random_randrange
                0x0000000000012ff4       0x80 firmware.elf.lto.o
 .text.random_randint
                0x0000000000013074       0x2c firmware.elf.lto.o
 .text.rotaryio_incrementalencoder_obj_set_position
                0x00000000000130a0       0x20 firmware.elf.lto.o
 .text.rtc_rtc_obj_set_calibration
                0x00000000000130c0       0x58 firmware.elf.lto.o
 .text.supervisor_set_next_stack_limit
                0x0000000000013118       0x24 firmware.elf.lto.o
 .text.supervisor_set_rgb_status_brightness
                0x000000000001313c       0x1c firmware.elf.lto.o
 .text.rtc_rtc_obj_set_datetime
                0x0000000000013158       0xb8 firmware.elf.lto.o
 .text.touchio_touchin_obj_set_threshold
                0x0000000000013210       0x30 firmware.elf.lto.o
 .text.mp_micropython_opt_level
                0x0000000000013240       0x2c firmware.elf.lto.o
 .text.bad_implicit_conversion
                0x000000000001326c       0x30 firmware.elf.lto.o
 .text.mp_obj_str_get_qstr
                0x000000000001329c       0x30 firmware.elf.lto.o
 .text.mp_builtin_setattr
                0x00000000000132cc       0x20 firmware.elf.lto.o
 .text.mp_builtin_hasattr
                0x00000000000132ec       0x2c firmware.elf.lto.o
 .text.mp_obj_str_get_str
                0x0000000000013318       0x2c firmware.elf.lto.o
 .text.mp_obj_exception_print
                0x0000000000013344      0x1a0 firmware.elf.lto.o
 .text.vfs_fat_setlabel
                0x00000000000134e4       0x58 firmware.elf.lto.o
 .text.fat_vfs_mkdir
                0x000000000001353c       0x34 firmware.elf.lto.o
 .text.fat_vfs_chdir
                0x0000000000013570       0x70 firmware.elf.lto.o
 .text.fat_vfs_remove_internal
                0x00000000000135e0      0x104 firmware.elf.lto.o
 .text.fat_vfs_rename
                0x00000000000136e4       0xc0 firmware.elf.lto.o
 .text.fat_vfs_remove
                0x00000000000137a4        0xa firmware.elf.lto.o
 .text.fat_vfs_rmdir
                0x00000000000137ae        0xa firmware.elf.lto.o
 .text.storage_umount
                0x00000000000137b8       0x34 firmware.elf.lto.o
 .text.storage_getmount
                0x00000000000137ec        0xc firmware.elf.lto.o
 .text.shared_modules_struct_calcsize
                0x00000000000137f8       0x5c firmware.elf.lto.o
 .text.struct_calcsize
                0x0000000000013854        0xe firmware.elf.lto.o
 *fill*         0x0000000000013862        0x2 
 .text.mp_obj_str_get_data
                0x0000000000013864       0x34 firmware.elf.lto.o
 .text.str_endswith
                0x0000000000013898       0x4c firmware.elf.lto.o
 .text.str_index_to_ptr
                0x00000000000138e4       0xbc firmware.elf.lto.o
 .text.str_startswith
                0x00000000000139a0       0x68 firmware.elf.lto.o
 .text.str_count
                0x0000000000013a08       0xcc firmware.elf.lto.o
 .text.str_finder
                0x0000000000013ad4       0xe8 firmware.elf.lto.o
 .text.str_find
                0x0000000000013bbc        0xc firmware.elf.lto.o
 .text.str_rfind
                0x0000000000013bc8        0xe firmware.elf.lto.o
 .text.str_index
                0x0000000000013bd6        0xc firmware.elf.lto.o
 .text.str_rindex
                0x0000000000013be2        0xe firmware.elf.lto.o
 .text.type_call
                0x0000000000013bf0       0x38 firmware.elf.lto.o
 .text.mp_builtin_ord
                0x0000000000013c28       0x5c firmware.elf.lto.o
 .text.validate_obj_is_pin
                0x0000000000013c84       0x20 firmware.elf.lto.o
 .text.validate_obj_is_free_pin
                0x0000000000013ca4       0x10 firmware.elf.lto.o
 .text.validate_obj_is_free_pin_or_none
                0x0000000000013cb4       0x1c firmware.elf.lto.o
 .text.neopixel_write_neopixel_write_
                0x0000000000013cd0       0x8c firmware.elf.lto.o
 .text.fun_pos_args_mismatch.constprop.0
                0x0000000000013d5c       0x10 firmware.elf.lto.o
 .text.mp_raise_OverflowError_varg
                0x0000000000013d6c       0x14 firmware.elf.lto.o
 .text.mp_obj_new_int_from_float
                0x0000000000013d80       0x84 firmware.elf.lto.o
 .text.mp_obj_int_make_new
                0x0000000000013e04       0xbc firmware.elf.lto.o
 .text.mp_small_int_buffer_overflow_check
                0x0000000000013ec0       0x3c firmware.elf.lto.o
 .text.mp_binary_set_val_array
                0x0000000000013efc       0xb4 firmware.elf.lto.o
 .text.shared_modules_struct_pack_into
                0x0000000000013fb0      0x1a8 firmware.elf.lto.o
 .text.struct_pack_into
                0x0000000000014158       0x50 firmware.elf.lto.o
 .text.file_open
                0x00000000000141a8      0x12c firmware.elf.lto.o
 .text.fatfs_builtin_open_self
                0x00000000000142d4       0x20 firmware.elf.lto.o
 .text.common_hal_busio_uart_construct.constprop.0
                0x00000000000142f4      0x354 firmware.elf.lto.o
 .text.py_gc_collect
                0x0000000000014648       0x10 firmware.elf.lto.o
 .text.mp_load_global
                0x0000000000014658       0x68 firmware.elf.lto.o
 .text.mp_arg_parse_all
                0x00000000000146c0       0xb4 firmware.elf.lto.o
 .text.mp_builtin_print
                0x0000000000014774       0x80 firmware.elf.lto.o
 .text.file_obj_make_new
                0x00000000000147f4       0x2c firmware.elf.lto.o
 .text.busio_i2c_writeto_then_readfrom
                0x0000000000014820       0x60 firmware.elf.lto.o
 .text.busio_i2c_readfrom_into
                0x0000000000014880       0x4c firmware.elf.lto.o
 .text.busio_i2c_writeto
                0x00000000000148cc       0x50 firmware.elf.lto.o
 .text.busio_spi_write_readinto
                0x000000000001491c       0xcc firmware.elf.lto.o
 .text.busio_spi_readinto
                0x00000000000149e8       0x98 firmware.elf.lto.o
 .text.busio_spi_write
                0x0000000000014a80       0x90 firmware.elf.lto.o
 .text.busio_spi_configure
                0x0000000000014b10       0x84 firmware.elf.lto.o
 .text.busio_uart_make_new
                0x0000000000014b94      0x10c firmware.elf.lto.o
 .text.digitalio_digitalinout_switch_to_output
                0x0000000000014ca0       0x54 firmware.elf.lto.o
 .text.digitalio_digitalinout_switch_to_input
                0x0000000000014cf4       0x5c firmware.elf.lto.o
 .text.pulseio_pulsein_obj_resume
                0x0000000000014d50       0xcc firmware.elf.lto.o
 .text.storage_remount
                0x0000000000014e1c       0x8c firmware.elf.lto.o
 .text.mp_obj_dict_store
                0x0000000000014ea8       0x1c firmware.elf.lto.o
 .text.mp_store_name
                0x0000000000014ec4       0x18 firmware.elf.lto.o
 .text.mp_obj_dict_get
                0x0000000000014edc       0x20 firmware.elf.lto.o
 .text.dict_binary_op
                0x0000000000014efc       0x78 firmware.elf.lto.o
 .text.dict_view_binary_op
                0x0000000000014f74       0x1a firmware.elf.lto.o
 *fill*         0x0000000000014f8e        0x2 
 .text.dict_get_helper
                0x0000000000014f90       0x54 firmware.elf.lto.o
 .text.dict_setdefault
                0x0000000000014fe4        0xa firmware.elf.lto.o
 .text.dict_pop
                0x0000000000014fee        0xa firmware.elf.lto.o
 .text.dict_get
                0x0000000000014ff8        0xa firmware.elf.lto.o
 .text.mp_obj_dict_delete.isra.0
                0x0000000000015002       0x12 firmware.elf.lto.o
 .text.dict_subscr
                0x0000000000015014       0x3c firmware.elf.lto.o
 .text.mp_module_call_init
                0x0000000000015050       0x38 firmware.elf.lto.o
 .text.mp_module_get
                0x0000000000015088       0x3c firmware.elf.lto.o
 .text.module_print
                0x00000000000150c4       0x60 firmware.elf.lto.o
 .text.mp_obj_class_lookup
                0x0000000000015124       0xec firmware.elf.lto.o
 .text.type_attr
                0x0000000000015210       0x98 firmware.elf.lto.o
 .text.instance_subscr
                0x00000000000152a8       0x94 firmware.elf.lto.o
 .text.mp_obj_instance_attr
                0x000000000001533c      0x1a8 firmware.elf.lto.o
 .text.super_attr
                0x00000000000154e4      0x108 firmware.elf.lto.o
 .text.instance_unary_op
                0x00000000000155ec       0x88 firmware.elf.lto.o
 .text.instance_print
                0x0000000000015674       0xc0 firmware.elf.lto.o
 .text.instance_get_buffer
                0x0000000000015734       0x4c firmware.elf.lto.o
 .text.instance_getiter
                0x0000000000015780       0x56 firmware.elf.lto.o
 *fill*         0x00000000000157d6        0x2 
 .text.mp_builtin_callable
                0x00000000000157d8       0x4c firmware.elf.lto.o
 .text.mp_obj_instance_call
                0x0000000000015824       0x64 firmware.elf.lto.o
 .text.test_qstr
                0x0000000000015888       0x2c firmware.elf.lto.o
 .text.find_completions
                0x00000000000158b4       0xa8 firmware.elf.lto.o
 .text.vstr_init
                0x000000000001595c       0x20 firmware.elf.lto.o
 .text.vstr_init_len
                0x000000000001597c       0x1a firmware.elf.lto.o
 .text.parser_alloc
                0x0000000000015996       0x6c firmware.elf.lto.o
 *fill*         0x0000000000015a02        0x2 
 .text.mp_getiter
                0x0000000000015a04       0x78 firmware.elf.lto.o
 .text.mp_call_method_n_kw_var
                0x0000000000015a7c      0x28c firmware.elf.lto.o
 .text.dict_update
                0x0000000000015d08       0xf0 firmware.elf.lto.o
 .text.mp_builtin_any
                0x0000000000015df8       0x30 firmware.elf.lto.o
 .text.mp_builtin_all
                0x0000000000015e28       0x30 firmware.elf.lto.o
 .text.mp_builtin_iter
                0x0000000000015e58        0xa firmware.elf.lto.o
 *fill*         0x0000000000015e62        0x2 
 .text.memoryview_make_new
                0x0000000000015e64       0x80 firmware.elf.lto.o
 .text.array_new
                0x0000000000015ee4       0x58 firmware.elf.lto.o
 .text.mcu_processor_get_uid
                0x0000000000015f3c       0x22 firmware.elf.lto.o
 *fill*         0x0000000000015f5e        0x2 
 .text.mp_builtin_getattr
                0x0000000000015f60       0x54 firmware.elf.lto.o
 .text.closure_call
                0x0000000000015fb4       0x92 firmware.elf.lto.o
 *fill*         0x0000000000016046        0x2 
 .text.dict_values